11:38:10 **** Incremental Build of configuration Debug for project periph_systick ****
make -r all 
Building file: ../example/src/systick.c
Invoking: MCU C Compiler
arm-none-eabi-gcc -D__MULTICORE_NONE -DDEBUG -D__CODE_RED -D__USE_LPCOPEN -D__REDLIB__ -DCORE_M4 -I"/home/lautaro/LPCXpresso/GitHub/TP1_SSE/workspace-EDU_CIAA_NXP-TP1/lpc_chip_43xx/inc" -I"/home/lautaro/LPCXpresso/GitHub/TP1_SSE/workspace-EDU_CIAA_NXP-TP1/lpc_board_nxp_lpcxpresso_4337/inc" -O0 -g3 -Wall -c -fmessage-length=0 -fno-builtin -ffunction-sections -fdata-sections -fsingle-precision-constant -mcpu=cortex-m4 -mfpu=fpv4-sp-d16 -mfloat-abi=softfp -mthumb -specs=redlib.specs -MMD -MP -MF"example/src/systick.d" -MT"example/src/systick.o" -MT"example/src/systick.d" -o "example/src/systick.o" "../example/src/systick.c"
Finished building: ../example/src/systick.c
 
Building target: periph_systick.axf
Invoking: MCU Linker
arm-none-eabi-gcc -nostdlib -L"/home/lautaro/LPCXpresso/GitHub/TP1_SSE/workspace-EDU_CIAA_NXP-TP1/lpc_chip_43xx/Debug" -L"/home/lautaro/LPCXpresso/GitHub/TP1_SSE/workspace-EDU_CIAA_NXP-TP1/lpc_board_nxp_lpcxpresso_4337/Debug" -Xlinker -Map="periph_systick.map" -Xlinker --gc-sections -mcpu=cortex-m4 -mfpu=fpv4-sp-d16 -mfloat-abi=softfp -mthumb -T "periph_systick_Debug.ld" -o "periph_systick.axf"  ./example/src/cr_startup_lpc43xx.o ./example/src/sysinit.o ./example/src/systick.o   -llpc_board_nxp_lpcxpresso_4337 -llpc_chip_43xx
Finished building target: periph_systick.axf
 
make --no-print-directory post-build
Performing post-build steps
arm-none-eabi-size "periph_systick.axf"; # arm-none-eabi-objcopy -v -O binary "periph_systick.axf" "periph_systick.bin" ; # checksum -p LPC4337 -d "periph_systick.bin";
   text	   data	    bss	    dec	    hex	filename
   8700	      4	    356	   9060	   2364	periph_systick.axf
 

11:38:11 Build Finished (took 852ms)

