Archive member included to satisfy reference by file (symbol)

/home/lautaro/embebidos/TP1_SSE/workspace-EDU_CIAA_NXP-TP1_POSTA/lpc_board_nxp_lpcxpresso_4337/Debug/liblpc_board_nxp_lpcxpresso_4337.a(board.o)
                              ./example/src/systick.o (Board_LED_Toggle)
/home/lautaro/embebidos/TP1_SSE/workspace-EDU_CIAA_NXP-TP1_POSTA/lpc_board_nxp_lpcxpresso_4337/Debug/liblpc_board_nxp_lpcxpresso_4337.a(board_sysinit.o)
                              ./example/src/sysinit.o (Board_SystemInit)
/home/lautaro/embebidos/TP1_SSE/workspace-EDU_CIAA_NXP-TP1_POSTA/lpc_board_nxp_lpcxpresso_4337/Debug/liblpc_board_nxp_lpcxpresso_4337.a(wm8904.o)
                              /home/lautaro/embebidos/TP1_SSE/workspace-EDU_CIAA_NXP-TP1_POSTA/lpc_board_nxp_lpcxpresso_4337/Debug/liblpc_board_nxp_lpcxpresso_4337.a(board.o) (WM8904_Init)
/home/lautaro/embebidos/TP1_SSE/workspace-EDU_CIAA_NXP-TP1_POSTA/lpc_chip_43xx/Debug/liblpc_chip_43xx.a(chip_18xx_43xx.o)
                              ./example/src/systick.o (SystemCoreClock)
/home/lautaro/embebidos/TP1_SSE/workspace-EDU_CIAA_NXP-TP1_POSTA/lpc_chip_43xx/Debug/liblpc_chip_43xx.a(clock_18xx_43xx.o)
                              /home/lautaro/embebidos/TP1_SSE/workspace-EDU_CIAA_NXP-TP1_POSTA/lpc_chip_43xx/Debug/liblpc_chip_43xx.a(chip_18xx_43xx.o) (Chip_Clock_GetClockInputHz)
/home/lautaro/embebidos/TP1_SSE/workspace-EDU_CIAA_NXP-TP1_POSTA/lpc_chip_43xx/Debug/liblpc_chip_43xx.a(fpu_init.o)
                              ./example/src/sysinit.o (fpuInit)
/home/lautaro/embebidos/TP1_SSE/workspace-EDU_CIAA_NXP-TP1_POSTA/lpc_chip_43xx/Debug/liblpc_chip_43xx.a(gpio_18xx_43xx.o)
                              /home/lautaro/embebidos/TP1_SSE/workspace-EDU_CIAA_NXP-TP1_POSTA/lpc_board_nxp_lpcxpresso_4337/Debug/liblpc_board_nxp_lpcxpresso_4337.a(board.o) (Chip_GPIO_Init)
/home/lautaro/embebidos/TP1_SSE/workspace-EDU_CIAA_NXP-TP1_POSTA/lpc_chip_43xx/Debug/liblpc_chip_43xx.a(i2c_18xx_43xx.o)
                              /home/lautaro/embebidos/TP1_SSE/workspace-EDU_CIAA_NXP-TP1_POSTA/lpc_board_nxp_lpcxpresso_4337/Debug/liblpc_board_nxp_lpcxpresso_4337.a(wm8904.o) (Chip_I2C_EventHandlerPolling)
/home/lautaro/embebidos/TP1_SSE/workspace-EDU_CIAA_NXP-TP1_POSTA/lpc_chip_43xx/Debug/liblpc_chip_43xx.a(ssp_18xx_43xx.o)
                              /home/lautaro/embebidos/TP1_SSE/workspace-EDU_CIAA_NXP-TP1_POSTA/lpc_board_nxp_lpcxpresso_4337/Debug/liblpc_board_nxp_lpcxpresso_4337.a(board.o) (Chip_SSP_WriteFrames_Blocking)
/home/lautaro/embebidos/TP1_SSE/workspace-EDU_CIAA_NXP-TP1_POSTA/lpc_chip_43xx/Debug/liblpc_chip_43xx.a(sysinit_18xx_43xx.o)
                              /home/lautaro/embebidos/TP1_SSE/workspace-EDU_CIAA_NXP-TP1_POSTA/lpc_board_nxp_lpcxpresso_4337/Debug/liblpc_board_nxp_lpcxpresso_4337.a(board_sysinit.o) (Chip_SetupCoreClock)
/home/lautaro/embebidos/TP1_SSE/workspace-EDU_CIAA_NXP-TP1_POSTA/lpc_chip_43xx/Debug/liblpc_chip_43xx.a(uart_18xx_43xx.o)
                              /home/lautaro/embebidos/TP1_SSE/workspace-EDU_CIAA_NXP-TP1_POSTA/lpc_board_nxp_lpcxpresso_4337/Debug/liblpc_board_nxp_lpcxpresso_4337.a(board.o) (Chip_UART_Init)
/home/lautaro/embebidos/TP1_SSE/workspace-EDU_CIAA_NXP-TP1_POSTA/lpc_chip_43xx/Debug/liblpc_chip_43xx.a(ring_buffer.o)
                              /home/lautaro/embebidos/TP1_SSE/workspace-EDU_CIAA_NXP-TP1_POSTA/lpc_chip_43xx/Debug/liblpc_chip_43xx.a(uart_18xx_43xx.o) (RingBuffer_Insert)
/usr/local/lpcxpresso_8.2.0_647/lpcxpresso/tools/bin/../lib/gcc/arm-none-eabi/5.3.1/../../../../arm-none-eabi/lib/armv7e-m/softfp/libcr_nohost.a(_cr__main.o)
                              ./example/src/cr_startup_lpc43xx.o (__main)
/usr/local/lpcxpresso_8.2.0_647/lpcxpresso/tools/bin/../lib/gcc/arm-none-eabi/5.3.1/../../../../arm-none-eabi/lib/armv7e-m/softfp/libcr_c.a(memcpy.o)
                              /home/lautaro/embebidos/TP1_SSE/workspace-EDU_CIAA_NXP-TP1_POSTA/lpc_board_nxp_lpcxpresso_4337/Debug/liblpc_board_nxp_lpcxpresso_4337.a(board.o) (memcpy)
/usr/local/lpcxpresso_8.2.0_647/lpcxpresso/tools/bin/../lib/gcc/arm-none-eabi/5.3.1/../../../../arm-none-eabi/lib/armv7e-m/softfp/libcr_c.a(memset.o)
                              /home/lautaro/embebidos/TP1_SSE/workspace-EDU_CIAA_NXP-TP1_POSTA/lpc_chip_43xx/Debug/liblpc_chip_43xx.a(clock_18xx_43xx.o) (memset)
/usr/local/lpcxpresso_8.2.0_647/lpcxpresso/tools/bin/../lib/gcc/arm-none-eabi/5.3.1/../../../../arm-none-eabi/lib/armv7e-m/softfp/libcr_c.a(fpprintf.o)
                              ./example/src/systick.o (printf)
/usr/local/lpcxpresso_8.2.0_647/lpcxpresso/tools/bin/../lib/gcc/arm-none-eabi/5.3.1/../../../../arm-none-eabi/lib/armv7e-m/softfp/libcr_c.a(initio.o)
                              /usr/local/lpcxpresso_8.2.0_647/lpcxpresso/tools/bin/../lib/gcc/arm-none-eabi/5.3.1/../../../../arm-none-eabi/lib/armv7e-m/softfp/libcr_nohost.a(_cr__main.o) (_initio)
[...]
Memory Configuration

Name             Origin             Length             Attributes
MFlashA512       0x1a000000         0x00080000         xr
MFlashB512       0x1b000000         0x00080000         xr
RamLoc32         0x10000000         0x00008000         xrw
RamLoc40         0x10080000         0x0000a000         xrw
RamAHB32         0x20000000         0x00008000         xrw
RamAHB16         0x20008000         0x00004000         xrw
RamAHB_ETB16     0x2000c000         0x00004000         xrw
*default*        0x00000000         0xffffffff

Linker script and memory map

LOAD ./example/src/cr_startup_lpc43xx.o
LOAD ./example/src/sysinit.o
LOAD ./example/src/systick.o
LOAD /home/lautaro/embebidos/TP1_SSE/workspace-EDU_CIAA_NXP-TP1_POSTA/lpc_board_nxp_lpcxpresso_4337/Debug/liblpc_board_nxp_lpcxpresso_4337.a
LOAD /home/lautaro/embebidos/TP1_SSE/workspace-EDU_CIAA_NXP-TP1_POSTA/lpc_chip_43xx/Debug/liblpc_chip_43xx.a
START GROUP
LOAD /usr/local/lpcxpresso_8.2.0_647/lpcxpresso/tools/bin/../lib/gcc/arm-none-eabi/5.3.1/../../../../arm-none-eabi/lib/armv7e-m/softfp/libcr_nohost.a
LOAD /usr/local/lpcxpresso_8.2.0_647/lpcxpresso/tools/bin/../lib/gcc/arm-none-eabi/5.3.1/../../../../arm-none-eabi/lib/armv7e-m/softfp/libcr_c.a
LOAD /usr/local/lpcxpresso_8.2.0_647/lpcxpresso/tools/bin/../lib/gcc/arm-none-eabi/5.3.1/armv7e-m/softfp/libcr_eabihelpers.a
END GROUP
                0x1a000000                __base_MFlashA512 = 0x1a000000
                0x1a000000                __base_Flash = 0x1a000000
                0x1a080000                __top_MFlashA512 = 0x1a080000
                0x1a080000                __top_Flash = 0x1a080000
                0x1b000000                __base_MFlashB512 = 0x1b000000
                0x1b000000                __base_Flash2 = 0x1b000000
                0x1b080000                __top_MFlashB512 = 0x1b080000
                0x1b080000                __top_Flash2 = 0x1b080000
                0x10000000                __base_RamLoc32 = 0x10000000
                0x10000000                __base_RAM = 0x10000000
                0x10008000                __top_RamLoc32 = 0x10008000
                0x10008000                __top_RAM = 0x10008000
                0x10080000                __base_RamLoc40 = 0x10080000
                0x10080000                __base_RAM2 = 0x10080000
                0x1008a000                __top_RamLoc40 = 0x1008a000
                0x1008a000                __top_RAM2 = 0x1008a000
                0x20000000                __base_RamAHB32 = 0x20000000
                0x20000000                __base_RAM3 = 0x20000000
                0x20008000                __top_RamAHB32 = 0x20008000
                0x20008000                __top_RAM3 = 0x20008000
                0x20008000                __base_RamAHB16 = 0x20008000
                0x20008000                __base_RAM4 = 0x20008000
                0x2000c000                __top_RamAHB16 = 0x2000c000
                0x2000c000                __top_RAM4 = 0x2000c000
                0x2000c000                __base_RamAHB_ETB16 = 0x2000c000
                0x2000c000                __base_RAM5 = 0x2000c000
                0x20010000                __top_RamAHB_ETB16 = 0x20010000
                0x20010000                __top_RAM5 = 0x20010000

.text_Flash2    0x1b000000        0x0
 FILL mask 0xff
 *(.text_Flash2*)
 *(.text_MFlashB512*)
 *(.text.$Flash2*)
 *(.text.$MFlashB512*)
 *(.rodata.$Flash2*)
 *(.rodata.$MFlashB512*)

.text           0x1a000000     0x4600
 FILL mask 0xff
                0x1a000000                __vectors_start__ = ABSOLUTE (.)
 *(.isr_vector)
 .isr_vector    0x1a000000      0x114 ./example/src/cr_startup_lpc43xx.o
                0x1a000000                g_pfnVectors
                0x1a000114                . = ALIGN (0x4)
                0x1a000114                __section_table_start = .
                0x1a000114                __data_section_table = .
                0x1a000114        0x4 LONG 0x1a004600 LOADADDR (.data)
                0x1a000118        0x4 LONG 0x10000000 ADDR (.data)
                0x1a00011c        0x4 LONG 0x8 SIZEOF (.data)
                0x1a000120        0x4 LONG 0x1a004600 LOADADDR (.data_RAM2)
                0x1a000124        0x4 LONG 0x10080000 ADDR (.data_RAM2)
                0x1a000128        0x4 LONG 0x0 SIZEOF (.data_RAM2)
                0x1a00012c        0x4 LONG 0x1a004600 LOADADDR (.data_RAM3)
                0x1a000130        0x4 LONG 0x20000000 ADDR (.data_RAM3)
                0x1a000134        0x4 LONG 0x0 SIZEOF (.data_RAM3)
                0x1a000138        0x4 LONG 0x1a004600 LOADADDR (.data_RAM4)
                0x1a00013c        0x4 LONG 0x20008000 ADDR (.data_RAM4)
                0x1a000140        0x4 LONG 0x0 SIZEOF (.data_RAM4)
                0x1a000144        0x4 LONG 0x1a004600 LOADADDR (.data_RAM5)
                0x1a000148        0x4 LONG 0x2000c000 ADDR (.data_RAM5)
                0x1a00014c        0x4 LONG 0x0 SIZEOF (.data_RAM5)
                0x1a000150                __data_section_table_end = .
                0x1a000150                __bss_section_table = .
                0x1a000150        0x4 LONG 0x10000008 ADDR (.bss)
                0x1a000154        0x4 LONG 0x174 SIZEOF (.bss)
                0x1a000158        0x4 LONG 0x10080000 ADDR (.bss_RAM2)
                0x1a00015c        0x4 LONG 0x0 SIZEOF (.bss_RAM2)
                0x1a000160        0x4 LONG 0x20000000 ADDR (.bss_RAM3)
                0x1a000164        0x4 LONG 0x0 SIZEOF (.bss_RAM3)
                0x1a000168        0x4 LONG 0x20008000 ADDR (.bss_RAM4)
                0x1a00016c        0x4 LONG 0x0 SIZEOF (.bss_RAM4)
                0x1a000170        0x4 LONG 0x2000c000 ADDR (.bss_RAM5)
                0x1a000174        0x4 LONG 0x0 SIZEOF (.bss_RAM5)
                0x1a000178                __bss_section_table_end = .
                0x1a000178                __section_table_end = .
 *(.after_vectors*)
 .after_vectors
                0x1a000178       0xcc ./example/src/cr_startup_lpc43xx.o
                0x1a000178                data_init
                0x1a0001bc                bss_init
                0x1a0001f4                NMI_Handler
                0x1a0001fc                HardFault_Handler
                0x1a000204                MemManage_Handler
                0x1a00020c                BusFault_Handler
                0x1a000214                UsageFault_Handler
                0x1a00021c                SVC_Handler
                0x1a000224                DebugMon_Handler
                0x1a00022c                PendSV_Handler
                0x1a00023c                TIMER2_IRQHandler
                0x1a00023c                RIT_IRQHandler
                0x1a00023c                ADCHS_IRQHandler
                0x1a00023c                FLASH_EEPROM_IRQHandler
                0x1a00023c                I2C0_IRQHandler
                0x1a00023c                SDIO_IRQHandler
                0x1a00023c                ATIMER_IRQHandler
                0x1a00023c                I2C1_IRQHandler
                0x1a00023c                UART1_IRQHandler
                0x1a00023c                GPIO5_IRQHandler
                0x1a00023c                CAN1_IRQHandler
                0x1a00023c                USB1_IRQHandler
                0x1a00023c                I2S0_IRQHandler
                0x1a00023c                TIMER3_IRQHandler
                0x1a00023c                UART0_IRQHandler
                0x1a00023c                SGPIO_IRQHandler
                0x1a00023c                ADC0_IRQHandler
                0x1a00023c                GPIO6_IRQHandler
                0x1a00023c                IntDefaultHandler
                0x1a00023c                GPIO1_IRQHandler
                0x1a00023c                SSP0_IRQHandler
                0x1a00023c                ADC1_IRQHandler
                0x1a00023c                RTC_IRQHandler
                0x1a00023c                TIMER0_IRQHandler
                0x1a00023c                SPI_IRQHandler
                0x1a00023c                LCD_IRQHandler
                0x1a00023c                TIMER1_IRQHandler
                0x1a00023c                UART2_IRQHandler
                0x1a00023c                GPIO2_IRQHandler
                0x1a00023c                I2S1_IRQHandler
                0x1a00023c                SSP1_IRQHandler
                0x1a00023c                USB0_IRQHandler
                0x1a00023c                GPIO3_IRQHandler
                0x1a00023c                SCT_IRQHandler
                0x1a00023c                WDT_IRQHandler
                0x1a00023c                GPIO7_IRQHandler
                0x1a00023c                SPIFI_IRQHandler
                0x1a00023c                QEI_IRQHandler
                0x1a00023c                ETH_IRQHandler
                0x1a00023c                CAN0_IRQHandler
                0x1a00023c                GINT0_IRQHandler
                0x1a00023c                DAC_IRQHandler
                0x1a00023c                M0SUB_IRQHandler
                0x1a00023c                GPIO0_IRQHandler
                0x1a00023c                DMA_IRQHandler
                0x1a00023c                EVRT_IRQHandler
                0x1a00023c                UART3_IRQHandler
                0x1a00023c                MCPWM_IRQHandler
                0x1a00023c                M0APP_IRQHandler
                0x1a00023c                GINT1_IRQHandler
                0x1a00023c                GPIO4_IRQHandler
 *(.text*)
 .text.ResetISR
                0x1a000244       0xc4 ./example/src/cr_startup_lpc43xx.o
                0x1a000244                ResetISR
 .text.SystemInit
                0x1a000308       0x28 ./example/src/sysinit.o
                0x1a000308                SystemInit
 .text.NVIC_SetPriority
                0x1a000330       0x54 ./example/src/systick.o
 .text.SysTick_Config
                0x1a000384       0x44 ./example/src/systick.o
 .text.SysTick_Handler
                0x1a0003c8       0x38 ./example/src/systick.o
                0x1a0003c8                SysTick_Handler
 .text.LED_State_Machine_Init
                0x1a000400       0x2c ./example/src/systick.o
                0x1a000400                LED_State_Machine_Init
 .text.LED_State_Machine
                0x1a00042c       0xd4 ./example/src/systick.o
                0x1a00042c                LED_State_Machine
 .text.BUTTON_State_Machine_Init
                0x1a000500       0x24 ./example/src/systick.o
                0x1a000500                BUTTON_State_Machine_Init
 .text.BUTTON_State_Machine
                0x1a000524       0xdc ./example/src/systick.o
                0x1a000524                BUTTON_State_Machine
 .text.main     0x1a000600       0x6c ./example/src/systick.o
                0x1a000600                main
 .text.Chip_SCU_PinMuxSet
                0x1a00066c       0x34 /home/lautaro/embebidos/TP1_SSE/workspace-EDU_CIAA_NXP-TP1_POSTA/lpc_board_nxp_lpcxpresso_4337/Debug/liblpc_board_nxp_lpcxpresso_4337.a(board.o)
 .text.Chip_ENET_RMIIEnable
                0x1a0006a0       0x28 /home/lautaro/embebidos/TP1_SSE/workspace-EDU_CIAA_NXP-TP1_POSTA/lpc_board_nxp_lpcxpresso_4337/Debug/liblpc_board_nxp_lpcxpresso_4337.a(board.o)
 .text.Chip_GPIO_SetPinState
                0x1a0006c8       0x38 /home/lautaro/embebidos/TP1_SSE/workspace-EDU_CIAA_NXP-TP1_POSTA/lpc_board_nxp_lpcxpresso_4337/Debug/liblpc_board_nxp_lpcxpresso_4337.a(board.o)
 .text.Chip_GPIO_GetPinState
                0x1a000700       0x38 /home/lautaro/embebidos/TP1_SSE/workspace-EDU_CIAA_NXP-TP1_POSTA/lpc_board_nxp_lpcxpresso_4337/Debug/liblpc_board_nxp_lpcxpresso_4337.a(board.o)
 .text.Chip_GPIO_SetPinDIROutput
                0x1a000738       0x40 /home/lautaro/embebidos/TP1_SSE/workspace-EDU_CIAA_NXP-TP1_POSTA/lpc_board_nxp_lpcxpresso_4337/Debug/liblpc_board_nxp_lpcxpresso_4337.a(board.o)
 .text.Chip_UART_TXEnable
                0x1a000778       0x1c /home/lautaro/embebidos/TP1_SSE/workspace-EDU_CIAA_NXP-TP1_POSTA/lpc_board_nxp_lpcxpresso_4337/Debug/liblpc_board_nxp_lpcxpresso_4337.a(board.o)
 .text.Chip_UART_SendByte
                0x1a000794       0x20 /home/lautaro/embebidos/TP1_SSE/workspace-EDU_CIAA_NXP-TP1_POSTA/lpc_board_nxp_lpcxpresso_4337/Debug/liblpc_board_nxp_lpcxpresso_4337.a(board.o)
 .text.Chip_UART_ConfigData
                0x1a0007b4       0x1c /home/lautaro/embebidos/TP1_SSE/workspace-EDU_CIAA_NXP-TP1_POSTA/lpc_board_nxp_lpcxpresso_4337/Debug/liblpc_board_nxp_lpcxpresso_4337.a(board.o)
 .text.Chip_UART_ReadLineStatus
                0x1a0007d0       0x18 /home/lautaro/embebidos/TP1_SSE/workspace-EDU_CIAA_NXP-TP1_POSTA/lpc_board_nxp_lpcxpresso_4337/Debug/liblpc_board_nxp_lpcxpresso_4337.a(board.o)
 .text.__sys_write
                0x1a0007e8       0x38 /home/lautaro/embebidos/TP1_SSE/workspace-EDU_CIAA_NXP-TP1_POSTA/lpc_board_nxp_lpcxpresso_4337/Debug/liblpc_board_nxp_lpcxpresso_4337.a(board.o)
                0x1a0007e8                __sys_write
 .text.Board_UART_Init
                0x1a000820       0x24 /home/lautaro/embebidos/TP1_SSE/workspace-EDU_CIAA_NXP-TP1_POSTA/lpc_board_nxp_lpcxpresso_4337/Debug/liblpc_board_nxp_lpcxpresso_4337.a(board.o)
                0x1a000820                Board_UART_Init
 .text.Board_Debug_Init
                0x1a000844       0x30 /home/lautaro/embebidos/TP1_SSE/workspace-EDU_CIAA_NXP-TP1_POSTA/lpc_board_nxp_lpcxpresso_4337/Debug/liblpc_board_nxp_lpcxpresso_4337.a(board.o)
                0x1a000844                Board_Debug_Init
 .text.Board_UARTPutChar
                0x1a000874       0x34 /home/lautaro/embebidos/TP1_SSE/workspace-EDU_CIAA_NXP-TP1_POSTA/lpc_board_nxp_lpcxpresso_4337/Debug/liblpc_board_nxp_lpcxpresso_4337.a(board.o)
                0x1a000874                Board_UARTPutChar
 .text.Board_LED_Init
                0x1a0008a8       0x5c /home/lautaro/embebidos/TP1_SSE/workspace-EDU_CIAA_NXP-TP1_POSTA/lpc_board_nxp_lpcxpresso_4337/Debug/liblpc_board_nxp_lpcxpresso_4337.a(board.o)
 .text.Board_LED_Set
                0x1a000904       0x48 /home/lautaro/embebidos/TP1_SSE/workspace-EDU_CIAA_NXP-TP1_POSTA/lpc_board_nxp_lpcxpresso_4337/Debug/liblpc_board_nxp_lpcxpresso_4337.a(board.o)
                0x1a000904                Board_LED_Set
 .text.Board_LED_Test
                0x1a00094c       0x48 /home/lautaro/embebidos/TP1_SSE/workspace-EDU_CIAA_NXP-TP1_POSTA/lpc_board_nxp_lpcxpresso_4337/Debug/liblpc_board_nxp_lpcxpresso_4337.a(board.o)
                0x1a00094c                Board_LED_Test
 .text.Board_LED_Toggle
                0x1a000994       0x3c /home/lautaro/embebidos/TP1_SSE/workspace-EDU_CIAA_NXP-TP1_POSTA/lpc_board_nxp_lpcxpresso_4337/Debug/liblpc_board_nxp_lpcxpresso_4337.a(board.o)
                0x1a000994                Board_LED_Toggle
 .text.Buttons_GetStatus
                0x1a0009d0       0x68 /home/lautaro/embebidos/TP1_SSE/workspace-EDU_CIAA_NXP-TP1_POSTA/lpc_board_nxp_lpcxpresso_4337/Debug/liblpc_board_nxp_lpcxpresso_4337.a(board.o)
                0x1a0009d0                Buttons_GetStatus
 .text.Board_Init
                0x1a000a38       0x24 /home/lautaro/embebidos/TP1_SSE/workspace-EDU_CIAA_NXP-TP1_POSTA/lpc_board_nxp_lpcxpresso_4337/Debug/liblpc_board_nxp_lpcxpresso_4337.a(board.o)
                0x1a000a38                Board_Init
 .text.Chip_SCU_PinMuxSet
                0x1a000a5c       0x34 /home/lautaro/embebidos/TP1_SSE/workspace-EDU_CIAA_NXP-TP1_POSTA/lpc_board_nxp_lpcxpresso_4337/Debug/liblpc_board_nxp_lpcxpresso_4337.a(board_sysinit.o)
 .text.Chip_SCU_SetPinMuxing
                0x1a000a90       0x4c /home/lautaro/embebidos/TP1_SSE/workspace-EDU_CIAA_NXP-TP1_POSTA/lpc_board_nxp_lpcxpresso_4337/Debug/liblpc_board_nxp_lpcxpresso_4337.a(board_sysinit.o)
 .text.Chip_CREG_SetFlashAcceleration
                0x1a000adc       0x54 /home/lautaro/embebidos/TP1_SSE/workspace-EDU_CIAA_NXP-TP1_POSTA/lpc_board_nxp_lpcxpresso_4337/Debug/liblpc_board_nxp_lpcxpresso_4337.a(board_sysinit.o)
 .text.Board_SetupMuxing
                0x1a000b30       0x14 /home/lautaro/embebidos/TP1_SSE/workspace-EDU_CIAA_NXP-TP1_POSTA/lpc_board_nxp_lpcxpresso_4337/Debug/liblpc_board_nxp_lpcxpresso_4337.a(board_sysinit.o)
                0x1a000b30                Board_SetupMuxing
 .text.Board_SetupClocking
                0x1a000b44       0x84 /home/lautaro/embebidos/TP1_SSE/workspace-EDU_CIAA_NXP-TP1_POSTA/lpc_board_nxp_lpcxpresso_4337/Debug/liblpc_board_nxp_lpcxpresso_4337.a(board_sysinit.o)
                0x1a000b44                Board_SetupClocking
 .text.Board_SystemInit
                0x1a000bc8       0x10 /home/lautaro/embebidos/TP1_SSE/workspace-EDU_CIAA_NXP-TP1_POSTA/lpc_board_nxp_lpcxpresso_4337/Debug/liblpc_board_nxp_lpcxpresso_4337.a(board_sysinit.o)
                0x1a000bc8                Board_SystemInit
 .text.SystemCoreClockUpdate
                0x1a000bd8       0x18 /home/lautaro/embebidos/TP1_SSE/workspace-EDU_CIAA_NXP-TP1_POSTA/lpc_chip_43xx/Debug/liblpc_chip_43xx.a(chip_18xx_43xx.o)
                0x1a000bd8                SystemCoreClockUpdate
 .text.ABS      0x1a000bf0       0x24 /home/lautaro/embebidos/TP1_SSE/workspace-EDU_CIAA_NXP-TP1_POSTA/lpc_chip_43xx/Debug/liblpc_chip_43xx.a(clock_18xx_43xx.o)
 .text.pll_calc_divs
                0x1a000c14      0x124 /home/lautaro/embebidos/TP1_SSE/workspace-EDU_CIAA_NXP-TP1_POSTA/lpc_chip_43xx/Debug/liblpc_chip_43xx.a(clock_18xx_43xx.o)
 .text.pll_get_frac
                0x1a000d38      0x178 /home/lautaro/embebidos/TP1_SSE/workspace-EDU_CIAA_NXP-TP1_POSTA/lpc_chip_43xx/Debug/liblpc_chip_43xx.a(clock_18xx_43xx.o)
 .text.Chip_Clock_GetDivRate
                0x1a000eb0       0x40 /home/lautaro/embebidos/TP1_SSE/workspace-EDU_CIAA_NXP-TP1_POSTA/lpc_chip_43xx/Debug/liblpc_chip_43xx.a(clock_18xx_43xx.o)
 .text.Chip_Clock_FindBaseClock
                0x1a000ef0       0x90 /home/lautaro/embebidos/TP1_SSE/workspace-EDU_CIAA_NXP-TP1_POSTA/lpc_chip_43xx/Debug/liblpc_chip_43xx.a(clock_18xx_43xx.o)
 .text.Chip_Clock_EnableCrystal
                0x1a000f80       0x70 /home/lautaro/embebidos/TP1_SSE/workspace-EDU_CIAA_NXP-TP1_POSTA/lpc_chip_43xx/Debug/liblpc_chip_43xx.a(clock_18xx_43xx.o)
                0x1a000f80                Chip_Clock_EnableCrystal
 .text.Chip_Clock_CalcMainPLLValue
                0x1a000ff0       0xd8 /home/lautaro/embebidos/TP1_SSE/workspace-EDU_CIAA_NXP-TP1_POSTA/lpc_chip_43xx/Debug/liblpc_chip_43xx.a(clock_18xx_43xx.o)
                0x1a000ff0                Chip_Clock_CalcMainPLLValue
 .text.Chip_Clock_GetMainPLLHz
                0x1a0010c8       0xc0 /home/lautaro/embebidos/TP1_SSE/workspace-EDU_CIAA_NXP-TP1_POSTA/lpc_chip_43xx/Debug/liblpc_chip_43xx.a(clock_18xx_43xx.o)
                0x1a0010c8                Chip_Clock_GetMainPLLHz
 .text.Chip_Clock_GetDividerSource
                0x1a001188       0x40 /home/lautaro/embebidos/TP1_SSE/workspace-EDU_CIAA_NXP-TP1_POSTA/lpc_chip_43xx/Debug/liblpc_chip_43xx.a(clock_18xx_43xx.o)
                0x1a001188                Chip_Clock_GetDividerSource
 .text.Chip_Clock_GetDividerDivisor
                0x1a0011c8       0x38 /home/lautaro/embebidos/TP1_SSE/workspace-EDU_CIAA_NXP-TP1_POSTA/lpc_chip_43xx/Debug/liblpc_chip_43xx.a(clock_18xx_43xx.o)
                0x1a0011c8                Chip_Clock_GetDividerDivisor
 .text.Chip_Clock_GetClockInputHz
                0x1a001200      0x140 /home/lautaro/embebidos/TP1_SSE/workspace-EDU_CIAA_NXP-TP1_POSTA/lpc_chip_43xx/Debug/liblpc_chip_43xx.a(clock_18xx_43xx.o)
                0x1a001200                Chip_Clock_GetClockInputHz
 .text.Chip_Clock_GetBaseClocktHz
                0x1a001340       0x24 /home/lautaro/embebidos/TP1_SSE/workspace-EDU_CIAA_NXP-TP1_POSTA/lpc_chip_43xx/Debug/liblpc_chip_43xx.a(clock_18xx_43xx.o)
                0x1a001340                Chip_Clock_GetBaseClocktHz
 .text.Chip_Clock_SetBaseClock
                0x1a001364       0x9c /home/lautaro/embebidos/TP1_SSE/workspace-EDU_CIAA_NXP-TP1_POSTA/lpc_chip_43xx/Debug/liblpc_chip_43xx.a(clock_18xx_43xx.o)
                0x1a001364                Chip_Clock_SetBaseClock
 .text.Chip_Clock_GetBaseClock
                0x1a001400       0x4c /home/lautaro/embebidos/TP1_SSE/workspace-EDU_CIAA_NXP-TP1_POSTA/lpc_chip_43xx/Debug/liblpc_chip_43xx.a(clock_18xx_43xx.o)
                0x1a001400                Chip_Clock_GetBaseClock
 .text.Chip_Clock_EnableOpts
                0x1a00144c       0x7c /home/lautaro/embebidos/TP1_SSE/workspace-EDU_CIAA_NXP-TP1_POSTA/lpc_chip_43xx/Debug/liblpc_chip_43xx.a(clock_18xx_43xx.o)
                0x1a00144c                Chip_Clock_EnableOpts
 .text.Chip_Clock_GetRate
                0x1a0014c8       0x88 /home/lautaro/embebidos/TP1_SSE/workspace-EDU_CIAA_NXP-TP1_POSTA/lpc_chip_43xx/Debug/liblpc_chip_43xx.a(clock_18xx_43xx.o)
                0x1a0014c8                Chip_Clock_GetRate
 .text.fpuInit  0x1a001550       0x74 /home/lautaro/embebidos/TP1_SSE/workspace-EDU_CIAA_NXP-TP1_POSTA/lpc_chip_43xx/Debug/liblpc_chip_43xx.a(fpu_init.o)
                0x1a001550                fpuInit
 .text.Chip_GPIO_Init
                0x1a0015c4       0x14 /home/lautaro/embebidos/TP1_SSE/workspace-EDU_CIAA_NXP-TP1_POSTA/lpc_chip_43xx/Debug/liblpc_chip_43xx.a(gpio_18xx_43xx.o)
                0x1a0015c4                Chip_GPIO_Init
 .text.Chip_Clock_DisableMainPLL
                0x1a0015d8       0x20 /home/lautaro/embebidos/TP1_SSE/workspace-EDU_CIAA_NXP-TP1_POSTA/lpc_chip_43xx/Debug/liblpc_chip_43xx.a(sysinit_18xx_43xx.o)
 .text.Chip_Clock_SetupMainPLL
                0x1a0015f8       0x44 /home/lautaro/embebidos/TP1_SSE/workspace-EDU_CIAA_NXP-TP1_POSTA/lpc_chip_43xx/Debug/liblpc_chip_43xx.a(sysinit_18xx_43xx.o)
 .text.Chip_Clock_MainPLLLocked
                0x1a00163c       0x24 /home/lautaro/embebidos/TP1_SSE/workspace-EDU_CIAA_NXP-TP1_POSTA/lpc_chip_43xx/Debug/liblpc_chip_43xx.a(sysinit_18xx_43xx.o)
 .text.Chip_SetupCoreClock
                0x1a001660      0x15c /home/lautaro/embebidos/TP1_SSE/workspace-EDU_CIAA_NXP-TP1_POSTA/lpc_chip_43xx/Debug/liblpc_chip_43xx.a(sysinit_18xx_43xx.o)
                0x1a001660                Chip_SetupCoreClock
 .text.Chip_UART_TXDisable
                0x1a0017bc       0x1c /home/lautaro/embebidos/TP1_SSE/workspace-EDU_CIAA_NXP-TP1_POSTA/lpc_chip_43xx/Debug/liblpc_chip_43xx.a(uart_18xx_43xx.o)
 .text.Chip_UART_SetupFIFOS
                0x1a0017d8       0x1c /home/lautaro/embebidos/TP1_SSE/workspace-EDU_CIAA_NXP-TP1_POSTA/lpc_chip_43xx/Debug/liblpc_chip_43xx.a(uart_18xx_43xx.o)
 .text.Chip_UART_ConfigData
                0x1a0017f4       0x1c /home/lautaro/embebidos/TP1_SSE/workspace-EDU_CIAA_NXP-TP1_POSTA/lpc_chip_43xx/Debug/liblpc_chip_43xx.a(uart_18xx_43xx.o)
 .text.Chip_UART_EnableDivisorAccess
                0x1a001810       0x20 /home/lautaro/embebidos/TP1_SSE/workspace-EDU_CIAA_NXP-TP1_POSTA/lpc_chip_43xx/Debug/liblpc_chip_43xx.a(uart_18xx_43xx.o)
 .text.Chip_UART_DisableDivisorAccess
                0x1a001830       0x20 /home/lautaro/embebidos/TP1_SSE/workspace-EDU_CIAA_NXP-TP1_POSTA/lpc_chip_43xx/Debug/liblpc_chip_43xx.a(uart_18xx_43xx.o)
 .text.Chip_UART_SetDivisorLatches
                0x1a001850       0x28 /home/lautaro/embebidos/TP1_SSE/workspace-EDU_CIAA_NXP-TP1_POSTA/lpc_chip_43xx/Debug/liblpc_chip_43xx.a(uart_18xx_43xx.o)
 .text.Chip_UART_GetIndex
                0x1a001878       0x60 /home/lautaro/embebidos/TP1_SSE/workspace-EDU_CIAA_NXP-TP1_POSTA/lpc_chip_43xx/Debug/liblpc_chip_43xx.a(uart_18xx_43xx.o)
 .text.Chip_UART_Init
                0x1a0018d8       0x84 /home/lautaro/embebidos/TP1_SSE/workspace-EDU_CIAA_NXP-TP1_POSTA/lpc_chip_43xx/Debug/liblpc_chip_43xx.a(uart_18xx_43xx.o)
                0x1a0018d8                Chip_UART_Init
 .text.Chip_UART_SetBaudFDR
                0x1a00195c      0x170 /home/lautaro/embebidos/TP1_SSE/workspace-EDU_CIAA_NXP-TP1_POSTA/lpc_chip_43xx/Debug/liblpc_chip_43xx.a(uart_18xx_43xx.o)
                0x1a00195c                Chip_UART_SetBaudFDR
 .text.__main   0x1a001acc       0x14 /usr/local/lpcxpresso_8.2.0_647/lpcxpresso/tools/bin/../lib/gcc/arm-none-eabi/5.3.1/../../../../arm-none-eabi/lib/armv7e-m/softfp/libcr_nohost.a(_cr__main.o)
                0x1a001acc                __main
 .text.memset   0x1a001ae0        0x4 /usr/local/lpcxpresso_8.2.0_647/lpcxpresso/tools/bin/../lib/gcc/arm-none-eabi/5.3.1/../../../../arm-none-eabi/lib/armv7e-m/softfp/libcr_c.a(memset.o)
                0x1a001ae0                memset
 .text.fp_round
                0x1a001ae4       0x4e /usr/local/lpcxpresso_8.2.0_647/lpcxpresso/tools/bin/../lib/gcc/arm-none-eabi/5.3.1/../../../../arm-none-eabi/lib/armv7e-m/softfp/libcr_c.a(fpprintf.o)
 .text.pr_dec.constprop.1
                0x1a001b32       0x26 /usr/local/lpcxpresso_8.2.0_647/lpcxpresso/tools/bin/../lib/gcc/arm-none-eabi/5.3.1/../../../../arm-none-eabi/lib/armv7e-m/softfp/libcr_c.a(fpprintf.o)
 .text.sprintf  0x1a001b58       0x6c /usr/local/lpcxpresso_8.2.0_647/lpcxpresso/tools/bin/../lib/gcc/arm-none-eabi/5.3.1/../../../../arm-none-eabi/lib/armv7e-m/softfp/libcr_c.a(fpprintf.o)
                0x1a001b58                sprintf
 *fill*         0x1a001bc4        0x4 ff
 .text.fp_display
                0x1a001bc8      0x8f8 /usr/local/lpcxpresso_8.2.0_647/lpcxpresso/tools/bin/../lib/gcc/arm-none-eabi/5.3.1/../../../../arm-none-eabi/lib/armv7e-m/softfp/libcr_c.a(fpprintf.o)
 .text.vsnprintf
                0x1a0024c0       0x5c /usr/local/lpcxpresso_8.2.0_647/lpcxpresso/tools/bin/../lib/gcc/arm-none-eabi/5.3.1/../../../../arm-none-eabi/lib/armv7e-m/softfp/libcr_c.a(fpprintf.o)
                0x1a0024c0                vsnprintf
 .text.printf   0x1a00251c       0x54 /usr/local/lpcxpresso_8.2.0_647/lpcxpresso/tools/bin/../lib/gcc/arm-none-eabi/5.3.1/../../../../arm-none-eabi/lib/armv7e-m/softfp/libcr_c.a(fpprintf.o)
                0x1a00251c                printf
 .text._initio  0x1a002570       0xa4 /usr/local/lpcxpresso_8.2.0_647/lpcxpresso/tools/bin/../lib/gcc/arm-none-eabi/5.3.1/../../../../arm-none-eabi/lib/armv7e-m/softfp/libcr_c.a(initio.o)
                0x1a002570                _initio
 .text.__vfprintf
                0x1a002614      0xd48 /usr/local/lpcxpresso_8.2.0_647/lpcxpresso/tools/bin/../lib/gcc/arm-none-eabi/5.3.1/../../../../arm-none-eabi/lib/armv7e-m/softfp/libcr_c.a(printf.o)
                0x1a002614                __vfprintf
 .text.setvbuf  0x1a00335c       0x40 /usr/local/lpcxpresso_8.2.0_647/lpcxpresso/tools/bin/../lib/gcc/arm-none-eabi/5.3.1/../../../../arm-none-eabi/lib/armv7e-m/softfp/libcr_c.a(setvbuf.o)
                0x1a00335c                setvbuf
 .text.strlen   0x1a00339c       0x4a /usr/local/lpcxpresso_8.2.0_647/lpcxpresso/tools/bin/../lib/gcc/arm-none-eabi/5.3.1/../../../../arm-none-eabi/lib/armv7e-m/softfp/libcr_c.a(strlen.o)
                0x1a00339c                strlen
 .text._deferredlazyseek
                0x1a0033e6       0x44 /usr/local/lpcxpresso_8.2.0_647/lpcxpresso/tools/bin/../lib/gcc/arm-none-eabi/5.3.1/../../../../arm-none-eabi/lib/armv7e-m/softfp/libcr_c.a(_deferredlazyseek.o)
                0x1a0033e6                _deferredlazyseek
 .text.__flsbuf
                0x1a00342a      0x140 /usr/local/lpcxpresso_8.2.0_647/lpcxpresso/tools/bin/../lib/gcc/arm-none-eabi/5.3.1/../../../../arm-none-eabi/lib/armv7e-m/softfp/libcr_c.a(_deferredlazyseek.o)
                0x1a00342a                __flsbuf
 .text._fdopen  0x1a00356a       0x6a /usr/local/lpcxpresso_8.2.0_647/lpcxpresso/tools/bin/../lib/gcc/arm-none-eabi/5.3.1/../../../../arm-none-eabi/lib/armv7e-m/softfp/libcr_c.a(_fdopen.o)
                0x1a00356a                _fdopen
 .text._fflush  0x1a0035d4       0x58 /usr/local/lpcxpresso_8.2.0_647/lpcxpresso/tools/bin/../lib/gcc/arm-none-eabi/5.3.1/../../../../arm-none-eabi/lib/armv7e-m/softfp/libcr_c.a(_fflush.o)
                0x1a0035d4                _fflush
 .text._frexpl  0x1a00362c       0x5a /usr/local/lpcxpresso_8.2.0_647/lpcxpresso/tools/bin/../lib/gcc/arm-none-eabi/5.3.1/../../../../arm-none-eabi/lib/armv7e-m/softfp/libcr_c.a(_frexpl.o)
                0x1a00362c                _frexpl
 *fill*         0x1a003686        0x2 ff
 .text._ldexpl  0x1a003688       0x4c /usr/local/lpcxpresso_8.2.0_647/lpcxpresso/tools/bin/../lib/gcc/arm-none-eabi/5.3.1/../../../../arm-none-eabi/lib/armv7e-m/softfp/libcr_c.a(_ldexpl.o)
                0x1a003688                _ldexpl
 .text._Cwritebuf
                0x1a0036d4       0x68 /usr/local/lpcxpresso_8.2.0_647/lpcxpresso/tools/bin/../lib/gcc/arm-none-eabi/5.3.1/../../../../arm-none-eabi/lib/armv7e-m/softfp/libcr_c.a(_writebuf.o)
                0x1a0036d4                _Cwritebuf
 .text.malloc   0x1a00373c       0xc8 /usr/local/lpcxpresso_8.2.0_647/lpcxpresso/tools/bin/../lib/gcc/arm-none-eabi/5.3.1/../../../../arm-none-eabi/lib/armv7e-m/softfp/libcr_c.a(alloc.o)
                0x1a00373c                malloc
 .text.free     0x1a003804       0x30 /usr/local/lpcxpresso_8.2.0_647/lpcxpresso/tools/bin/../lib/gcc/arm-none-eabi/5.3.1/../../../../arm-none-eabi/lib/armv7e-m/softfp/libcr_c.a(alloc.o)
                0x1a003804                free
 .text._Csys_alloc
                0x1a003834       0x20 /usr/local/lpcxpresso_8.2.0_647/lpcxpresso/tools/bin/../lib/gcc/arm-none-eabi/5.3.1/../../../../arm-none-eabi/lib/armv7e-m/softfp/libcr_c.a(alloc.o)
                0x1a003834                _Csys_alloc
 .text.fclose   0x1a003854       0x6c /usr/local/lpcxpresso_8.2.0_647/lpcxpresso/tools/bin/../lib/gcc/arm-none-eabi/5.3.1/../../../../arm-none-eabi/lib/armv7e-m/softfp/libcr_c.a(fclose.o)
                0x1a003854                fclose
 .text.fflush   0x1a0038c0       0x30 /usr/local/lpcxpresso_8.2.0_647/lpcxpresso/tools/bin/../lib/gcc/arm-none-eabi/5.3.1/../../../../arm-none-eabi/lib/armv7e-m/softfp/libcr_c.a(fflush.o)
                0x1a0038c0                fflush
 .text.fseek    0x1a0038f0      0x110 /usr/local/lpcxpresso_8.2.0_647/lpcxpresso/tools/bin/../lib/gcc/arm-none-eabi/5.3.1/../../../../arm-none-eabi/lib/armv7e-m/softfp/libcr_c.a(fseek.o)
                0x1a0038f0                fseek
 .text.ftell    0x1a003a00       0x4c /usr/local/lpcxpresso_8.2.0_647/lpcxpresso/tools/bin/../lib/gcc/arm-none-eabi/5.3.1/../../../../arm-none-eabi/lib/armv7e-m/softfp/libcr_c.a(ftell.o)
                0x1a003a00                ftell
 .text.remove   0x1a003a4c       0x14 /usr/local/lpcxpresso_8.2.0_647/lpcxpresso/tools/bin/../lib/gcc/arm-none-eabi/5.3.1/../../../../arm-none-eabi/lib/armv7e-m/softfp/libcr_c.a(remove.o)
                0x1a003a4c                remove
 .text._sbrk    0x1a003a60       0x40 /usr/local/lpcxpresso_8.2.0_647/lpcxpresso/tools/bin/../lib/gcc/arm-none-eabi/5.3.1/../../../../arm-none-eabi/lib/armv7e-m/softfp/libcr_c.a(_cr_sbrk.o)
                0x1a003a60                _sbrk
 .text._do_fflush
                0x1a003aa0       0x44 /usr/local/lpcxpresso_8.2.0_647/lpcxpresso/tools/bin/../lib/gcc/arm-none-eabi/5.3.1/../../../../arm-none-eabi/lib/armv7e-m/softfp/libcr_c.a(_do_fflush.o)
                0x1a003aa0                _do_fflush
 .text.__check_heap_overflow
                0x1a003ae4       0x18 /usr/local/lpcxpresso_8.2.0_647/lpcxpresso/tools/bin/../lib/gcc/arm-none-eabi/5.3.1/../../../../arm-none-eabi/lib/armv7e-m/softfp/libcr_c.a(_cr_check_heap.o)
                0x1a003ae4                __check_heap_overflow
 .text.__aeabi_division_uldivmod
                0x1a003afc      0x174 /usr/local/lpcxpresso_8.2.0_647/lpcxpresso/tools/bin/../lib/gcc/arm-none-eabi/5.3.1/armv7e-m/softfp/libcr_eabihelpers.a(division_64.o)
                0x1a003afc                __aeabi_uldivmod
                0x1a003b00                __bhs_ldivmod1
 .text.__aeabi_division_idiv0
                0x1a003c70        0x2 /usr/local/lpcxpresso_8.2.0_647/lpcxpresso/tools/bin/../lib/gcc/arm-none-eabi/5.3.1/armv7e-m/softfp/libcr_eabihelpers.a(division_idiv0.o)
                0x1a003c70                __aeabi_idiv0
 *fill*         0x1a003c72        0x2 ff
 .text.__aeabi_dmul
                0x1a003c74      0x110 /usr/local/lpcxpresso_8.2.0_647/lpcxpresso/tools/bin/../lib/gcc/arm-none-eabi/5.3.1/armv7e-m/softfp/libcr_eabihelpers.a(double.o)
                0x1a003c74                __aeabi_dmul
 .text.__aeabi_ddiv
                0x1a003d84      0x13c /usr/local/lpcxpresso_8.2.0_647/lpcxpresso/tools/bin/../lib/gcc/arm-none-eabi/5.3.1/armv7e-m/softfp/libcr_eabihelpers.a(double.o)
                0x1a003d84                __aeabi_ddiv
 .text.__aeabi_dsub
                0x1a003ec0      0x1b4 /usr/local/lpcxpresso_8.2.0_647/lpcxpresso/tools/bin/../lib/gcc/arm-none-eabi/5.3.1/armv7e-m/softfp/libcr_eabihelpers.a(double.o)
                0x1a003ec0                __aeabi_dsub
 .text.__aeabi_dadd
                0x1a004074      0x114 /usr/local/lpcxpresso_8.2.0_647/lpcxpresso/tools/bin/../lib/gcc/arm-none-eabi/5.3.1/armv7e-m/softfp/libcr_eabihelpers.a(double.o)
                0x1a004074                __aeabi_dadd
 .text.__aeabi_d2iz
                0x1a004188       0x40 /usr/local/lpcxpresso_8.2.0_647/lpcxpresso/tools/bin/../lib/gcc/arm-none-eabi/5.3.1/armv7e-m/softfp/libcr_eabihelpers.a(double.o)
                0x1a004188                __aeabi_d2iz
 .text.__bhs_ui2d
                0x1a0041c8       0x46 /usr/local/lpcxpresso_8.2.0_647/lpcxpresso/tools/bin/../lib/gcc/arm-none-eabi/5.3.1/armv7e-m/softfp/libcr_eabihelpers.a(double.o)
                0x1a0041c8                __bhs_ui2d
 .text.__aeabi_i2d
                0x1a00420e       0x10 /usr/local/lpcxpresso_8.2.0_647/lpcxpresso/tools/bin/../lib/gcc/arm-none-eabi/5.3.1/armv7e-m/softfp/libcr_eabihelpers.a(double.o)
                0x1a00420e                __aeabi_i2d
 .text.__aeabi_dcmpeq
                0x1a00421e       0x30 /usr/local/lpcxpresso_8.2.0_647/lpcxpresso/tools/bin/../lib/gcc/arm-none-eabi/5.3.1/armv7e-m/softfp/libcr_eabihelpers.a(double.o)
                0x1a00421e                __aeabi_dcmpeq
 .text.__aeabi_dcmplt
                0x1a00424e       0x58 /usr/local/lpcxpresso_8.2.0_647/lpcxpresso/tools/bin/../lib/gcc/arm-none-eabi/5.3.1/armv7e-m/softfp/libcr_eabihelpers.a(double.o)
                0x1a00424e                __aeabi_dcmplt
 .text.__aeabi_dcmple
                0x1a0042a6       0x54 /usr/local/lpcxpresso_8.2.0_647/lpcxpresso/tools/bin/../lib/gcc/arm-none-eabi/5.3.1/armv7e-m/softfp/libcr_eabihelpers.a(double.o)
                0x1a0042a6                __aeabi_dcmple
 .text.__aeabi_dcmpge
                0x1a0042fa       0x54 /usr/local/lpcxpresso_8.2.0_647/lpcxpresso/tools/bin/../lib/gcc/arm-none-eabi/5.3.1/armv7e-m/softfp/libcr_eabihelpers.a(double.o)
                0x1a0042fa                __aeabi_dcmpge
 .text.__aeabi_memset_lowlevel
                0x1a00434e       0x32 /usr/local/lpcxpresso_8.2.0_647/lpcxpresso/tools/bin/../lib/gcc/arm-none-eabi/5.3.1/armv7e-m/softfp/libcr_eabihelpers.a(memcpy.o)
                0x1a00434e                __aeabi_lowlevel_memset
 .text.__sys_appexit
                0x1a004380        0x2 /usr/local/lpcxpresso_8.2.0_647/lpcxpresso/tools/bin/../lib/gcc/arm-none-eabi/5.3.1/../../../../arm-none-eabi/lib/armv7e-m/softfp/libcr_nohost.a(__sys_appexit.o)
                0x1a004380                __exit
                0x1a004380                __sys_appexit
 .text.__sys_close
                0x1a004382        0x6 /usr/local/lpcxpresso_8.2.0_647/lpcxpresso/tools/bin/../lib/gcc/arm-none-eabi/5.3.1/../../../../arm-none-eabi/lib/armv7e-m/softfp/libcr_nohost.a(__sys_close.o)
                0x1a004382                __sys_close
 .text.__sys_flen
                0x1a004388        0x6 /usr/local/lpcxpresso_8.2.0_647/lpcxpresso/tools/bin/../lib/gcc/arm-none-eabi/5.3.1/../../../../arm-none-eabi/lib/armv7e-m/softfp/libcr_nohost.a(__sys_flen.o)
                0x1a004388                __sys_flen
 .text.__sys_istty
                0x1a00438e        0x6 /usr/local/lpcxpresso_8.2.0_647/lpcxpresso/tools/bin/../lib/gcc/arm-none-eabi/5.3.1/../../../../arm-none-eabi/lib/armv7e-m/softfp/libcr_nohost.a(__sys_istty.o)
                0x1a00438e                __sys_istty
 .text.__sys_remove
                0x1a004394        0x6 /usr/local/lpcxpresso_8.2.0_647/lpcxpresso/tools/bin/../lib/gcc/arm-none-eabi/5.3.1/../../../../arm-none-eabi/lib/armv7e-m/softfp/libcr_nohost.a(__sys_remove.o)
                0x1a004394                __sys_remove
 .text.__sys_seek
                0x1a00439a        0x6 /usr/local/lpcxpresso_8.2.0_647/lpcxpresso/tools/bin/../lib/gcc/arm-none-eabi/5.3.1/../../../../arm-none-eabi/lib/armv7e-m/softfp/libcr_nohost.a(__sys_seek.o)
                0x1a00439a                __sys_seek
 .text.__sys_tmpnam
                0x1a0043a0        0x6 /usr/local/lpcxpresso_8.2.0_647/lpcxpresso/tools/bin/../lib/gcc/arm-none-eabi/5.3.1/../../../../arm-none-eabi/lib/armv7e-m/softfp/libcr_nohost.a(__sys_tmpnam.o)
                0x1a0043a0                __sys_tmpnam
 *(.rodata .rodata.* .constdata .constdata.*)
 *fill*         0x1a0043a6        0x2 ff
 .rodata        0x1a0043a8       0xa7 ./example/src/systick.o
 *fill*         0x1a00444f        0x1 ff
 .rodata.ExtRateIn
                0x1a004450        0x4 /home/lautaro/embebidos/TP1_SSE/workspace-EDU_CIAA_NXP-TP1_POSTA/lpc_board_nxp_lpcxpresso_4337/Debug/liblpc_board_nxp_lpcxpresso_4337.a(board.o)
                0x1a004450                ExtRateIn
 .rodata.OscRateIn
                0x1a004454        0x4 /home/lautaro/embebidos/TP1_SSE/workspace-EDU_CIAA_NXP-TP1_POSTA/lpc_board_nxp_lpcxpresso_4337/Debug/liblpc_board_nxp_lpcxpresso_4337.a(board.o)
                0x1a004454                OscRateIn
 .rodata.gpioLEDBits
                0x1a004458        0xc /home/lautaro/embebidos/TP1_SSE/workspace-EDU_CIAA_NXP-TP1_POSTA/lpc_board_nxp_lpcxpresso_4337/Debug/liblpc_board_nxp_lpcxpresso_4337.a(board.o)
 .rodata.gpioButtonBits
                0x1a004464        0x8 /home/lautaro/embebidos/TP1_SSE/workspace-EDU_CIAA_NXP-TP1_POSTA/lpc_board_nxp_lpcxpresso_4337/Debug/liblpc_board_nxp_lpcxpresso_4337.a(board.o)
 .rodata.InitClkStates
                0x1a00446c        0xc /home/lautaro/embebidos/TP1_SSE/workspace-EDU_CIAA_NXP-TP1_POSTA/lpc_board_nxp_lpcxpresso_4337/Debug/liblpc_board_nxp_lpcxpresso_4337.a(board_sysinit.o)
 .rodata.pinmuxing
                0x1a004478       0x2c /home/lautaro/embebidos/TP1_SSE/workspace-EDU_CIAA_NXP-TP1_POSTA/lpc_board_nxp_lpcxpresso_4337/Debug/liblpc_board_nxp_lpcxpresso_4337.a(board_sysinit.o)
 .rodata.periph_to_base
                0x1a0044a4       0x6c /home/lautaro/embebidos/TP1_SSE/workspace-EDU_CIAA_NXP-TP1_POSTA/lpc_chip_43xx/Debug/liblpc_chip_43xx.a(clock_18xx_43xx.o)
 .rodata        0x1a004510        0xa /home/lautaro/embebidos/TP1_SSE/workspace-EDU_CIAA_NXP-TP1_POSTA/lpc_chip_43xx/Debug/liblpc_chip_43xx.a(clock_18xx_43xx.o)
 *fill*         0x1a00451a        0x2 ff
 .rodata.InitClkStates
                0x1a00451c       0x48 /home/lautaro/embebidos/TP1_SSE/workspace-EDU_CIAA_NXP-TP1_POSTA/lpc_chip_43xx/Debug/liblpc_chip_43xx.a(sysinit_18xx_43xx.o)
 .rodata.UART_PClock
                0x1a004564        0x8 /home/lautaro/embebidos/TP1_SSE/workspace-EDU_CIAA_NXP-TP1_POSTA/lpc_chip_43xx/Debug/liblpc_chip_43xx.a(uart_18xx_43xx.o)
 .rodata.UART_BClock
                0x1a00456c        0x8 /home/lautaro/embebidos/TP1_SSE/workspace-EDU_CIAA_NXP-TP1_POSTA/lpc_chip_43xx/Debug/liblpc_chip_43xx.a(uart_18xx_43xx.o)
 .rodata.str1.1
                0x1a004574       0x34 /usr/local/lpcxpresso_8.2.0_647/lpcxpresso/tools/bin/../lib/gcc/arm-none-eabi/5.3.1/../../../../arm-none-eabi/lib/armv7e-m/softfp/libcr_c.a(fpprintf.o)
                                 0x35 (size before relaxing)
 .rodata.str1.1
                0x1a0045a8        0x4 /usr/local/lpcxpresso_8.2.0_647/lpcxpresso/tools/bin/../lib/gcc/arm-none-eabi/5.3.1/../../../../arm-none-eabi/lib/armv7e-m/softfp/libcr_c.a(initio.o)
 .rodata.str1.1
                0x1a0045ac       0x31 /usr/local/lpcxpresso_8.2.0_647/lpcxpresso/tools/bin/../lib/gcc/arm-none-eabi/5.3.1/../../../../arm-none-eabi/lib/armv7e-m/softfp/libcr_c.a(printf.o)
                                 0x38 (size before relaxing)
 .rodata.str1.1
                0x1a0045dd       0x18 /usr/local/lpcxpresso_8.2.0_647/lpcxpresso/tools/bin/../lib/gcc/arm-none-eabi/5.3.1/../../../../arm-none-eabi/lib/armv7e-m/softfp/libcr_c.a(alloc.o)
 *fill*         0x1a0045f5        0x3 ff
 .rodata.__huge_vall
                0x1a0045f8        0x8 /usr/local/lpcxpresso_8.2.0_647/lpcxpresso/tools/bin/../lib/gcc/arm-none-eabi/5.3.1/../../../../arm-none-eabi/lib/armv7e-m/softfp/libcr_c.a(_hugeval.o)
                0x1a0045f8                __huge_vall
                0x1a004600                . = ALIGN (0x4)

.glue_7         0x1a004600        0x0
 .glue_7        0x1a004600        0x0 linker stubs

.glue_7t        0x1a004600        0x0
 .glue_7t       0x1a004600        0x0 linker stubs

.vfp11_veneer   0x1a004600        0x0
 .vfp11_veneer  0x1a004600        0x0 linker stubs

.v4_bx          0x1a004600        0x0
 .v4_bx         0x1a004600        0x0 linker stubs

.iplt           0x1a004600        0x0
 .iplt          0x1a004600        0x0 ./example/src/cr_startup_lpc43xx.o

.rel.dyn        0x1a004600        0x0
 .rel.iplt      0x1a004600        0x0 ./example/src/cr_startup_lpc43xx.o

.ARM.extab
 *(.ARM.extab* .gnu.linkonce.armextab.*)
                0x1a004600                __exidx_start = .

.ARM.exidx
 *(.ARM.exidx* .gnu.linkonce.armexidx.*)
                0x1a004600                __exidx_end = .
                0x1a004600                _etext = .

.data_RAM2      0x10080000        0x0 load address 0x1a004600
 FILL mask 0xff
                [!provide]                PROVIDE (__start_data_RAM2, .)
 *(.ramfunc.$RAM2)
 *(.ramfunc.$RamLoc40)
 *(.data.$RAM2*)
 *(.data.$RamLoc40*)
                0x10080000                . = ALIGN (0x4)
                [!provide]                PROVIDE (__end_data_RAM2, .)

.data_RAM3      0x20000000        0x0 load address 0x1a004600
 FILL mask 0xff
                [!provide]                PROVIDE (__start_data_RAM3, .)
 *(.ramfunc.$RAM3)
 *(.ramfunc.$RamAHB32)
 *(.data.$RAM3*)
 *(.data.$RamAHB32*)
                0x20000000                . = ALIGN (0x4)
                [!provide]                PROVIDE (__end_data_RAM3, .)

.data_RAM4      0x20008000        0x0 load address 0x1a004600
 FILL mask 0xff
                [!provide]                PROVIDE (__start_data_RAM4, .)
 *(.ramfunc.$RAM4)
 *(.ramfunc.$RamAHB16)
 *(.data.$RAM4*)
 *(.data.$RamAHB16*)
                0x20008000                . = ALIGN (0x4)
                [!provide]                PROVIDE (__end_data_RAM4, .)

.data_RAM5      0x2000c000        0x0 load address 0x1a004600
 FILL mask 0xff
                [!provide]                PROVIDE (__start_data_RAM5, .)
 *(.ramfunc.$RAM5)
 *(.ramfunc.$RamAHB_ETB16)
 *(.data.$RAM5*)
 *(.data.$RamAHB_ETB16*)
                0x2000c000                . = ALIGN (0x4)
                [!provide]                PROVIDE (__end_data_RAM5, .)

.uninit_RESERVED
                0x10000000        0x0
 *(.bss.$RESERVED*)
                0x10000000                . = ALIGN (0x4)
                0x10000000                _end_uninit_RESERVED = .

.data           0x10000000        0x8 load address 0x1a004600
 FILL mask 0xff
                0x10000000                _data = .
 *(vtable)
 *(.ramfunc*)
 *(.data*)
 .data.BUTTON_Time_Flag
                0x10000000        0x1 ./example/src/systick.o
                0x10000000                BUTTON_Time_Flag
 *fill*         0x10000001        0x3 ff
 .data.idx.9217
                0x10000004        0x4 ./example/src/systick.o
                0x10000008                . = ALIGN (0x4)
                0x10000008                _edata = .

.igot.plt       0x10000008        0x0 load address 0x1a004608
 .igot.plt      0x10000008        0x0 ./example/src/cr_startup_lpc43xx.o

.bss_RAM2       0x10080000        0x0
                [!provide]                PROVIDE (__start_bss_RAM2, .)
 *(.bss.$RAM2*)
 *(.bss.$RamLoc40*)
                0x10080000                . = ALIGN ((. != 0x0)?0x4:0x1)
                [!provide]                PROVIDE (__end_bss_RAM2, .)

.bss_RAM3       0x20000000        0x0
                [!provide]                PROVIDE (__start_bss_RAM3, .)
 *(.bss.$RAM3*)
 *(.bss.$RamAHB32*)
                0x20000000                . = ALIGN ((. != 0x0)?0x4:0x1)
                [!provide]                PROVIDE (__end_bss_RAM3, .)

.bss_RAM4       0x20008000        0x0
                [!provide]                PROVIDE (__start_bss_RAM4, .)
 *(.bss.$RAM4*)
 *(.bss.$RamAHB16*)
                0x20008000                . = ALIGN ((. != 0x0)?0x4:0x1)
                [!provide]                PROVIDE (__end_bss_RAM4, .)

.bss_RAM5       0x2000c000        0x0
                [!provide]                PROVIDE (__start_bss_RAM5, .)
 *(.bss.$RAM5*)
 *(.bss.$RamAHB_ETB16*)
                0x2000c000                . = ALIGN ((. != 0x0)?0x4:0x1)
                [!provide]                PROVIDE (__end_bss_RAM5, .)

.bss            0x10000008      0x174
                0x10000008                _bss = .
 *(.bss*)
 .bss.LED_Time_Flag
                0x10000008        0x1 ./example/src/systick.o
                0x10000008                LED_Time_Flag
 .bss.BUTTON_Status_Flag
                0x10000009        0x1 ./example/src/systick.o
                0x10000009                BUTTON_Status_Flag
 *fill*         0x1000000a        0x2 
 .bss.audio_usb_pll_freq
                0x1000000c        0x8 /home/lautaro/embebidos/TP1_SSE/workspace-EDU_CIAA_NXP-TP1_POSTA/lpc_chip_43xx/Debug/liblpc_chip_43xx.a(clock_18xx_43xx.o)
 .bss._extra    0x10000014        0x4 /usr/local/lpcxpresso_8.2.0_647/lpcxpresso/tools/bin/../lib/gcc/arm-none-eabi/5.3.1/../../../../arm-none-eabi/lib/armv7e-m/softfp/libcr_c.a(initio.o)
                0x10000014                _extra
 .bss.__Ciob    0x10000018      0x140 /usr/local/lpcxpresso_8.2.0_647/lpcxpresso/tools/bin/../lib/gcc/arm-none-eabi/5.3.1/../../../../arm-none-eabi/lib/armv7e-m/softfp/libcr_c.a(stdio.o)
                0x10000018                __Ciob
 .bss.errno     0x10000158        0x4 /usr/local/lpcxpresso_8.2.0_647/lpcxpresso/tools/bin/../lib/gcc/arm-none-eabi/5.3.1/../../../../arm-none-eabi/lib/armv7e-m/softfp/libcr_c.a(errno.o)
                0x10000158                errno
 .bss.__heaps   0x1000015c        0x4 /usr/local/lpcxpresso_8.2.0_647/lpcxpresso/tools/bin/../lib/gcc/arm-none-eabi/5.3.1/../../../../arm-none-eabi/lib/armv7e-m/softfp/libcr_c.a(__init_alloc.o)
                0x1000015c                __heaps
 .bss.__end_of_heap
                0x10000160        0x4 /usr/local/lpcxpresso_8.2.0_647/lpcxpresso/tools/bin/../lib/gcc/arm-none-eabi/5.3.1/../../../../arm-none-eabi/lib/armv7e-m/softfp/libcr_c.a(__init_alloc.o)
                0x10000160                __end_of_heap
 *(COMMON)
 COMMON         0x10000164       0x14 ./example/src/systick.o
                0x10000164                BUTTON_SM_Counter
                0x10000168                LED_SM_State
                0x1000016c                LED_SM_Counter
                0x10000170                LED_SM_Flag
                0x10000174                BUTTON_SM_State
 COMMON         0x10000178        0x4 /home/lautaro/embebidos/TP1_SSE/workspace-EDU_CIAA_NXP-TP1_POSTA/lpc_chip_43xx/Debug/liblpc_chip_43xx.a(chip_18xx_43xx.o)
                0x10000178                SystemCoreClock
                0x1000017c                . = ALIGN (0x4)
                0x1000017c                _ebss = .
                [!provide]                PROVIDE (end, .)

.noinit_RAM2    0x10080000        0x0
 *(.noinit.$RAM2*)
 *(.noinit.$RamLoc40*)
                0x10080000                . = ALIGN (0x4)

.noinit_RAM3    0x20000000        0x0
 *(.noinit.$RAM3*)
 *(.noinit.$RamAHB32*)
                0x20000000                . = ALIGN (0x4)

.noinit_RAM4    0x20008000        0x0
 *(.noinit.$RAM4*)
 *(.noinit.$RamAHB16*)
                0x20008000                . = ALIGN (0x4)

.noinit_RAM5    0x2000c000        0x0
 *(.noinit.$RAM5*)
 *(.noinit.$RamAHB_ETB16*)
                0x2000c000                . = ALIGN (0x4)

.noinit         0x1000017c        0x0
                0x1000017c                _noinit = .
 *(.noinit*)
                0x1000017c                . = ALIGN (0x4)
                0x1000017c                _end_noinit = .
                0x1000017c                PROVIDE (_pvHeapStart, DEFINED (__user_heap_base)?__user_heap_base:.)
                0x10008000                PROVIDE (_vStackTop, DEFINED (__user_stack_top)?__user_stack_top:(__top_RamLoc32 - 0x0))
                [!provide]                PROVIDE (__valid_user_code_checksum, (0x0 - ((((((_vStackTop + (ResetISR + 0x1)) + (NMI_Handler + 0x1)) + (HardFault_Handler + 0x1)) + (DEFINED (MemManage_Handler)?MemManage_Handler:0x0 + 0x1)) + (DEFINED (BusFault_Handler)?BusFault_Handler:0x0 + 0x1)) + (DEFINED (UsageFault_Handler)?UsageFault_Handler:0x0 + 0x1))))
OUTPUT(periph_systick.axf elf32-littlearm)

.debug_info     0x00000000     0x73a5
 .debug_info    0x00000000      0x297 ./example/src/cr_startup_lpc43xx.o
 .debug_info    0x00000297       0xea ./example/src/sysinit.o
 .debug_info    0x00000381      0xbfb ./example/src/systick.o
 .debug_info    0x00000f7c     0x1a0b /home/lautaro/embebidos/TP1_SSE/workspace-EDU_CIAA_NXP-TP1_POSTA/lpc_board_nxp_lpcxpresso_4337/Debug/liblpc_board_nxp_lpcxpresso_4337.a(board.o)
 .debug_info    0x00002987      0xb56 /home/lautaro/embebidos/TP1_SSE/workspace-EDU_CIAA_NXP-TP1_POSTA/lpc_board_nxp_lpcxpresso_4337/Debug/liblpc_board_nxp_lpcxpresso_4337.a(board_sysinit.o)
 .debug_info    0x000034dd      0xa31 /home/lautaro/embebidos/TP1_SSE/workspace-EDU_CIAA_NXP-TP1_POSTA/lpc_chip_43xx/Debug/liblpc_chip_43xx.a(chip_18xx_43xx.o)
 .debug_info    0x00003f0e     0x1590 /home/lautaro/embebidos/TP1_SSE/workspace-EDU_CIAA_NXP-TP1_POSTA/lpc_chip_43xx/Debug/liblpc_chip_43xx.a(clock_18xx_43xx.o)
 .debug_info    0x0000549e      0x128 /home/lautaro/embebidos/TP1_SSE/workspace-EDU_CIAA_NXP-TP1_POSTA/lpc_chip_43xx/Debug/liblpc_chip_43xx.a(fpu_init.o)
 .debug_info    0x000055c6      0x435 /home/lautaro/embebidos/TP1_SSE/workspace-EDU_CIAA_NXP-TP1_POSTA/lpc_chip_43xx/Debug/liblpc_chip_43xx.a(gpio_18xx_43xx.o)
 .debug_info    0x000059fb      0x8fd /home/lautaro/embebidos/TP1_SSE/workspace-EDU_CIAA_NXP-TP1_POSTA/lpc_chip_43xx/Debug/liblpc_chip_43xx.a(sysinit_18xx_43xx.o)
 .debug_info    0x000062f8     0x10ad /home/lautaro/embebidos/TP1_SSE/workspace-EDU_CIAA_NXP-TP1_POSTA/lpc_chip_43xx/Debug/liblpc_chip_43xx.a(uart_18xx_43xx.o)

.debug_abbrev   0x00000000     0x124c
 .debug_abbrev  0x00000000       0xed ./example/src/cr_startup_lpc43xx.o
 .debug_abbrev  0x000000ed       0x9c ./example/src/sysinit.o
 .debug_abbrev  0x00000189      0x208 ./example/src/systick.o
 .debug_abbrev  0x00000391      0x31e /home/lautaro/embebidos/TP1_SSE/workspace-EDU_CIAA_NXP-TP1_POSTA/lpc_board_nxp_lpcxpresso_4337/Debug/liblpc_board_nxp_lpcxpresso_4337.a(board.o)
 .debug_abbrev  0x000006af      0x19a /home/lautaro/embebidos/TP1_SSE/workspace-EDU_CIAA_NXP-TP1_POSTA/lpc_board_nxp_lpcxpresso_4337/Debug/liblpc_board_nxp_lpcxpresso_4337.a(board_sysinit.o)
 .debug_abbrev  0x00000849      0x155 /home/lautaro/embebidos/TP1_SSE/workspace-EDU_CIAA_NXP-TP1_POSTA/lpc_chip_43xx/Debug/liblpc_chip_43xx.a(chip_18xx_43xx.o)
 .debug_abbrev  0x0000099e      0x2cb /home/lautaro/embebidos/TP1_SSE/workspace-EDU_CIAA_NXP-TP1_POSTA/lpc_chip_43xx/Debug/liblpc_chip_43xx.a(clock_18xx_43xx.o)
 .debug_abbrev  0x00000c69       0x84 /home/lautaro/embebidos/TP1_SSE/workspace-EDU_CIAA_NXP-TP1_POSTA/lpc_chip_43xx/Debug/liblpc_chip_43xx.a(fpu_init.o)
 .debug_abbrev  0x00000ced      0x111 /home/lautaro/embebidos/TP1_SSE/workspace-EDU_CIAA_NXP-TP1_POSTA/lpc_chip_43xx/Debug/liblpc_chip_43xx.a(gpio_18xx_43xx.o)
 .debug_abbrev  0x00000dfe      0x18e /home/lautaro/embebidos/TP1_SSE/workspace-EDU_CIAA_NXP-TP1_POSTA/lpc_chip_43xx/Debug/liblpc_chip_43xx.a(sysinit_18xx_43xx.o)
 .debug_abbrev  0x00000f8c      0x2c0 /home/lautaro/embebidos/TP1_SSE/workspace-EDU_CIAA_NXP-TP1_POSTA/lpc_chip_43xx/Debug/liblpc_chip_43xx.a(uart_18xx_43xx.o)

.debug_aranges  0x00000000      0x618
 .debug_aranges
                0x00000000       0x80 ./example/src/cr_startup_lpc43xx.o
 .debug_aranges
                0x00000080       0x20 ./example/src/sysinit.o
 .debug_aranges
                0x000000a0       0x58 ./example/src/systick.o
 .debug_aranges
                0x000000f8      0x170 /home/lautaro/embebidos/TP1_SSE/workspace-EDU_CIAA_NXP-TP1_POSTA/lpc_board_nxp_lpcxpresso_4337/Debug/liblpc_board_nxp_lpcxpresso_4337.a(board.o)
 .debug_aranges
                0x00000268       0x48 /home/lautaro/embebidos/TP1_SSE/workspace-EDU_CIAA_NXP-TP1_POSTA/lpc_board_nxp_lpcxpresso_4337/Debug/liblpc_board_nxp_lpcxpresso_4337.a(board_sysinit.o)
 .debug_aranges
                0x000002b0       0x40 /home/lautaro/embebidos/TP1_SSE/workspace-EDU_CIAA_NXP-TP1_POSTA/lpc_chip_43xx/Debug/liblpc_chip_43xx.a(chip_18xx_43xx.o)
 .debug_aranges
                0x000002f0      0x138 /home/lautaro/embebidos/TP1_SSE/workspace-EDU_CIAA_NXP-TP1_POSTA/lpc_chip_43xx/Debug/liblpc_chip_43xx.a(clock_18xx_43xx.o)
 .debug_aranges
                0x00000428       0x20 /home/lautaro/embebidos/TP1_SSE/workspace-EDU_CIAA_NXP-TP1_POSTA/lpc_chip_43xx/Debug/liblpc_chip_43xx.a(fpu_init.o)
 .debug_aranges
                0x00000448       0x68 /home/lautaro/embebidos/TP1_SSE/workspace-EDU_CIAA_NXP-TP1_POSTA/lpc_chip_43xx/Debug/liblpc_chip_43xx.a(gpio_18xx_43xx.o)
 .debug_aranges
                0x000004b0       0x50 /home/lautaro/embebidos/TP1_SSE/workspace-EDU_CIAA_NXP-TP1_POSTA/lpc_chip_43xx/Debug/liblpc_chip_43xx.a(sysinit_18xx_43xx.o)
 .debug_aranges
                0x00000500      0x118 /home/lautaro/embebidos/TP1_SSE/workspace-EDU_CIAA_NXP-TP1_POSTA/lpc_chip_43xx/Debug/liblpc_chip_43xx.a(uart_18xx_43xx.o)

.debug_ranges   0x00000000      0x598
 .debug_ranges  0x00000000       0x70 ./example/src/cr_startup_lpc43xx.o
 .debug_ranges  0x00000070       0x10 ./example/src/sysinit.o
 .debug_ranges  0x00000080       0x48 ./example/src/systick.o
 .debug_ranges  0x000000c8      0x160 /home/lautaro/embebidos/TP1_SSE/workspace-EDU_CIAA_NXP-TP1_POSTA/lpc_board_nxp_lpcxpresso_4337/Debug/liblpc_board_nxp_lpcxpresso_4337.a(board.o)
 .debug_ranges  0x00000228       0x38 /home/lautaro/embebidos/TP1_SSE/workspace-EDU_CIAA_NXP-TP1_POSTA/lpc_board_nxp_lpcxpresso_4337/Debug/liblpc_board_nxp_lpcxpresso_4337.a(board_sysinit.o)
 .debug_ranges  0x00000260       0x30 /home/lautaro/embebidos/TP1_SSE/workspace-EDU_CIAA_NXP-TP1_POSTA/lpc_chip_43xx/Debug/liblpc_chip_43xx.a(chip_18xx_43xx.o)
 .debug_ranges  0x00000290      0x140 /home/lautaro/embebidos/TP1_SSE/workspace-EDU_CIAA_NXP-TP1_POSTA/lpc_chip_43xx/Debug/liblpc_chip_43xx.a(clock_18xx_43xx.o)
 .debug_ranges  0x000003d0       0x10 /home/lautaro/embebidos/TP1_SSE/workspace-EDU_CIAA_NXP-TP1_POSTA/lpc_chip_43xx/Debug/liblpc_chip_43xx.a(fpu_init.o)
 .debug_ranges  0x000003e0       0x58 /home/lautaro/embebidos/TP1_SSE/workspace-EDU_CIAA_NXP-TP1_POSTA/lpc_chip_43xx/Debug/liblpc_chip_43xx.a(gpio_18xx_43xx.o)
 .debug_ranges  0x00000438       0x40 /home/lautaro/embebidos/TP1_SSE/workspace-EDU_CIAA_NXP-TP1_POSTA/lpc_chip_43xx/Debug/liblpc_chip_43xx.a(sysinit_18xx_43xx.o)
 .debug_ranges  0x00000478      0x120 /home/lautaro/embebidos/TP1_SSE/workspace-EDU_CIAA_NXP-TP1_POSTA/lpc_chip_43xx/Debug/liblpc_chip_43xx.a(uart_18xx_43xx.o)

.debug_macro    0x00000000     0x6f74
 .debug_macro   0x00000000       0x1d ./example/src/cr_startup_lpc43xx.o
 .debug_macro   0x0000001d      0x8a4 ./example/src/cr_startup_lpc43xx.o
 .debug_macro   0x000008c1      0x310 ./example/src/sysinit.o
 .debug_macro   0x00000bd1       0x10 ./example/src/sysinit.o
 .debug_macro   0x00000be1       0x10 ./example/src/sysinit.o
 .debug_macro   0x00000bf1      0x12d ./example/src/sysinit.o
 .debug_macro   0x00000d1e      0x5b2 ./example/src/sysinit.o
 .debug_macro   0x000012d0       0x22 ./example/src/sysinit.o
 .debug_macro   0x000012f2       0x7b ./example/src/sysinit.o
 .debug_macro   0x0000136d       0x28 ./example/src/sysinit.o
 .debug_macro   0x00001395       0x3b ./example/src/sysinit.o
 .debug_macro   0x000013d0       0x2d ./example/src/sysinit.o
 .debug_macro   0x000013fd       0x42 ./example/src/sysinit.o
 .debug_macro   0x0000143f      0xd39 ./example/src/sysinit.o
 .debug_macro   0x00002178      0x2bc ./example/src/sysinit.o
 .debug_macro   0x00002434      0x112 ./example/src/sysinit.o
 .debug_macro   0x00002546       0x11 ./example/src/sysinit.o
 .debug_macro   0x00002557       0x2a ./example/src/sysinit.o
 .debug_macro   0x00002581       0x16 ./example/src/sysinit.o
 .debug_macro   0x00002597      0x2e6 ./example/src/sysinit.o
 .debug_macro   0x0000287d       0x82 ./example/src/sysinit.o
 .debug_macro   0x000028ff      0x13d ./example/src/sysinit.o
 .debug_macro   0x00002a3c      0x198 ./example/src/sysinit.o
 .debug_macro   0x00002bd4       0x34 ./example/src/sysinit.o
 .debug_macro   0x00002c08       0x58 ./example/src/sysinit.o
 .debug_macro   0x00002c60      0x236 ./example/src/sysinit.o
 .debug_macro   0x00002e96      0x572 ./example/src/sysinit.o
 .debug_macro   0x00003408       0x16 ./example/src/sysinit.o
 .debug_macro   0x0000341e      0x18a ./example/src/sysinit.o
 .debug_macro   0x000035a8       0x88 ./example/src/sysinit.o
 .debug_macro   0x00003630      0x1b9 ./example/src/sysinit.o
 .debug_macro   0x000037e9      0x1da ./example/src/sysinit.o
 .debug_macro   0x000039c3       0x40 ./example/src/sysinit.o
 .debug_macro   0x00003a03       0x1c ./example/src/sysinit.o
 .debug_macro   0x00003a1f       0x2e ./example/src/sysinit.o
 .debug_macro   0x00003a4d       0x2e ./example/src/sysinit.o
 .debug_macro   0x00003a7b       0x22 ./example/src/sysinit.o
 .debug_macro   0x00003a9d      0x201 ./example/src/sysinit.o
 .debug_macro   0x00003c9e       0xe0 ./example/src/sysinit.o
 .debug_macro   0x00003d7e      0x34c ./example/src/sysinit.o
 .debug_macro   0x000040ca       0xdc ./example/src/sysinit.o
 .debug_macro   0x000041a6       0xc4 ./example/src/sysinit.o
 .debug_macro   0x0000426a       0x94 ./example/src/sysinit.o
 .debug_macro   0x000042fe       0xb8 ./example/src/sysinit.o
 .debug_macro   0x000043b6       0x4c ./example/src/sysinit.o
 .debug_macro   0x00004402       0x16 ./example/src/sysinit.o
 .debug_macro   0x00004418      0x328 ./example/src/sysinit.o
 .debug_macro   0x00004740       0x3a ./example/src/sysinit.o
 .debug_macro   0x0000477a       0xd0 ./example/src/sysinit.o
 .debug_macro   0x0000484a       0x18 ./example/src/sysinit.o
 .debug_macro   0x00004862       0x22 ./example/src/sysinit.o
 .debug_macro   0x00004884       0x40 ./example/src/sysinit.o
 .debug_macro   0x000048c4      0x113 ./example/src/sysinit.o
 .debug_macro   0x000049d7       0x9a ./example/src/sysinit.o
 .debug_macro   0x00004a71       0x20 ./example/src/sysinit.o
 .debug_macro   0x00004a91      0x3ac ./example/src/systick.o
 .debug_macro   0x00004e3d      0x336 /home/lautaro/embebidos/TP1_SSE/workspace-EDU_CIAA_NXP-TP1_POSTA/lpc_board_nxp_lpcxpresso_4337/Debug/liblpc_board_nxp_lpcxpresso_4337.a(board.o)
 .debug_macro   0x00005173      0x89e /home/lautaro/embebidos/TP1_SSE/workspace-EDU_CIAA_NXP-TP1_POSTA/lpc_board_nxp_lpcxpresso_4337/Debug/liblpc_board_nxp_lpcxpresso_4337.a(board.o)
 .debug_macro   0x00005a11       0x12 /home/lautaro/embebidos/TP1_SSE/workspace-EDU_CIAA_NXP-TP1_POSTA/lpc_board_nxp_lpcxpresso_4337/Debug/liblpc_board_nxp_lpcxpresso_4337.a(board.o)
 .debug_macro   0x00005a23      0x339 /home/lautaro/embebidos/TP1_SSE/workspace-EDU_CIAA_NXP-TP1_POSTA/lpc_board_nxp_lpcxpresso_4337/Debug/liblpc_board_nxp_lpcxpresso_4337.a(board.o)
 .debug_macro   0x00005d5c      0x310 /home/lautaro/embebidos/TP1_SSE/workspace-EDU_CIAA_NXP-TP1_POSTA/lpc_board_nxp_lpcxpresso_4337/Debug/liblpc_board_nxp_lpcxpresso_4337.a(board_sysinit.o)
 .debug_macro   0x0000606c      0x2da /home/lautaro/embebidos/TP1_SSE/workspace-EDU_CIAA_NXP-TP1_POSTA/lpc_chip_43xx/Debug/liblpc_chip_43xx.a(chip_18xx_43xx.o)
 .debug_macro   0x00006346      0x2e0 /home/lautaro/embebidos/TP1_SSE/workspace-EDU_CIAA_NXP-TP1_POSTA/lpc_chip_43xx/Debug/liblpc_chip_43xx.a(clock_18xx_43xx.o)
 .debug_macro   0x00006626       0xc0 /home/lautaro/embebidos/TP1_SSE/workspace-EDU_CIAA_NXP-TP1_POSTA/lpc_chip_43xx/Debug/liblpc_chip_43xx.a(fpu_init.o)
 .debug_macro   0x000066e6      0x2da /home/lautaro/embebidos/TP1_SSE/workspace-EDU_CIAA_NXP-TP1_POSTA/lpc_chip_43xx/Debug/liblpc_chip_43xx.a(gpio_18xx_43xx.o)
 .debug_macro   0x000069c0      0x2da /home/lautaro/embebidos/TP1_SSE/workspace-EDU_CIAA_NXP-TP1_POSTA/lpc_chip_43xx/Debug/liblpc_chip_43xx.a(sysinit_18xx_43xx.o)
 .debug_macro   0x00006c9a      0x2da /home/lautaro/embebidos/TP1_SSE/workspace-EDU_CIAA_NXP-TP1_POSTA/lpc_chip_43xx/Debug/liblpc_chip_43xx.a(uart_18xx_43xx.o)

.debug_line     0x00000000     0x4a3b
 .debug_line    0x00000000      0x102 ./example/src/cr_startup_lpc43xx.o
 .debug_line    0x00000102      0x686 ./example/src/sysinit.o
 .debug_line    0x00000788      0x798 ./example/src/systick.o
 .debug_line    0x00000f20      0xa83 /home/lautaro/embebidos/TP1_SSE/workspace-EDU_CIAA_NXP-TP1_POSTA/lpc_board_nxp_lpcxpresso_4337/Debug/liblpc_board_nxp_lpcxpresso_4337.a(board.o)
 .debug_line    0x000019a3      0x70d /home/lautaro/embebidos/TP1_SSE/workspace-EDU_CIAA_NXP-TP1_POSTA/lpc_board_nxp_lpcxpresso_4337/Debug/liblpc_board_nxp_lpcxpresso_4337.a(board_sysinit.o)
 .debug_line    0x000020b0      0x661 /home/lautaro/embebidos/TP1_SSE/workspace-EDU_CIAA_NXP-TP1_POSTA/lpc_chip_43xx/Debug/liblpc_chip_43xx.a(chip_18xx_43xx.o)
 .debug_line    0x00002711      0xa5e /home/lautaro/embebidos/TP1_SSE/workspace-EDU_CIAA_NXP-TP1_POSTA/lpc_chip_43xx/Debug/liblpc_chip_43xx.a(clock_18xx_43xx.o)
 .debug_line    0x0000316f      0x20d /home/lautaro/embebidos/TP1_SSE/workspace-EDU_CIAA_NXP-TP1_POSTA/lpc_chip_43xx/Debug/liblpc_chip_43xx.a(fpu_init.o)
 .debug_line    0x0000337c      0x6b2 /home/lautaro/embebidos/TP1_SSE/workspace-EDU_CIAA_NXP-TP1_POSTA/lpc_chip_43xx/Debug/liblpc_chip_43xx.a(gpio_18xx_43xx.o)
 .debug_line    0x00003a2e      0x6cf /home/lautaro/embebidos/TP1_SSE/workspace-EDU_CIAA_NXP-TP1_POSTA/lpc_chip_43xx/Debug/liblpc_chip_43xx.a(sysinit_18xx_43xx.o)
 .debug_line    0x000040fd      0x93e /home/lautaro/embebidos/TP1_SSE/workspace-EDU_CIAA_NXP-TP1_POSTA/lpc_chip_43xx/Debug/liblpc_chip_43xx.a(uart_18xx_43xx.o)

.debug_str      0x00000000    0x191ff
 .debug_str     0x00000000     0x2756 ./example/src/cr_startup_lpc43xx.o
                               0x276e (size before relaxing)
 .debug_str     0x00002756    0x130d5 ./example/src/sysinit.o
                              0x15759 (size before relaxing)
 .debug_str     0x0001582b     0x11a8 ./example/src/systick.o
                              0x1691c (size before relaxing)
 .debug_str     0x000169d3     0x1a79 /home/lautaro/embebidos/TP1_SSE/workspace-EDU_CIAA_NXP-TP1_POSTA/lpc_board_nxp_lpcxpresso_4337/Debug/liblpc_board_nxp_lpcxpresso_4337.a(board.o)
                              0x17bf8 (size before relaxing)
 .debug_str     0x0001844c      0x125 /home/lautaro/embebidos/TP1_SSE/workspace-EDU_CIAA_NXP-TP1_POSTA/lpc_board_nxp_lpcxpresso_4337/Debug/liblpc_board_nxp_lpcxpresso_4337.a(board_sysinit.o)
                              0x164fa (size before relaxing)
 .debug_str     0x00018571       0xf6 /home/lautaro/embebidos/TP1_SSE/workspace-EDU_CIAA_NXP-TP1_POSTA/lpc_chip_43xx/Debug/liblpc_chip_43xx.a(chip_18xx_43xx.o)
                              0x15dd1 (size before relaxing)
 .debug_str     0x00018667      0x5e7 /home/lautaro/embebidos/TP1_SSE/workspace-EDU_CIAA_NXP-TP1_POSTA/lpc_chip_43xx/Debug/liblpc_chip_43xx.a(clock_18xx_43xx.o)
                              0x16354 (size before relaxing)
 .debug_str     0x00018c4e       0xb5 /home/lautaro/embebidos/TP1_SSE/workspace-EDU_CIAA_NXP-TP1_POSTA/lpc_chip_43xx/Debug/liblpc_chip_43xx.a(fpu_init.o)
                               0x996a (size before relaxing)
 .debug_str     0x00018d03       0xe4 /home/lautaro/embebidos/TP1_SSE/workspace-EDU_CIAA_NXP-TP1_POSTA/lpc_chip_43xx/Debug/liblpc_chip_43xx.a(gpio_18xx_43xx.o)
                              0x151d3 (size before relaxing)
 .debug_str     0x00018de7       0xb4 /home/lautaro/embebidos/TP1_SSE/workspace-EDU_CIAA_NXP-TP1_POSTA/lpc_chip_43xx/Debug/liblpc_chip_43xx.a(sysinit_18xx_43xx.o)
                              0x15da0 (size before relaxing)
 .debug_str     0x00018e9b      0x364 /home/lautaro/embebidos/TP1_SSE/workspace-EDU_CIAA_NXP-TP1_POSTA/lpc_chip_43xx/Debug/liblpc_chip_43xx.a(uart_18xx_43xx.o)
                              0x15f04 (size before relaxing)

.comment        0x00000000       0xdc
 .comment       0x00000000       0x6e ./example/src/cr_startup_lpc43xx.o
                                 0x6f (size before relaxing)
 .comment       0x0000006e       0x6f ./example/src/sysinit.o
 .comment       0x0000006e       0x6f ./example/src/systick.o
 .comment       0x0000006e       0x6f /home/lautaro/embebidos/TP1_SSE/workspace-EDU_CIAA_NXP-TP1_POSTA/lpc_board_nxp_lpcxpresso_4337/Debug/liblpc_board_nxp_lpcxpresso_4337.a(board.o)
 .comment       0x0000006e       0x6f /home/lautaro/embebidos/TP1_SSE/workspace-EDU_CIAA_NXP-TP1_POSTA/lpc_board_nxp_lpcxpresso_4337/Debug/liblpc_board_nxp_lpcxpresso_4337.a(board_sysinit.o)
 .comment       0x0000006e       0x6f /home/lautaro/embebidos/TP1_SSE/workspace-EDU_CIAA_NXP-TP1_POSTA/lpc_chip_43xx/Debug/liblpc_chip_43xx.a(chip_18xx_43xx.o)
 .comment       0x0000006e       0x6f /home/lautaro/embebidos/TP1_SSE/workspace-EDU_CIAA_NXP-TP1_POSTA/lpc_chip_43xx/Debug/liblpc_chip_43xx.a(clock_18xx_43xx.o)
 .comment       0x0000006e       0x6f /home/lautaro/embebidos/TP1_SSE/workspace-EDU_CIAA_NXP-TP1_POSTA/lpc_chip_43xx/Debug/liblpc_chip_43xx.a(fpu_init.o)
 .comment       0x0000006e       0x6f /home/lautaro/embebidos/TP1_SSE/workspace-EDU_CIAA_NXP-TP1_POSTA/lpc_chip_43xx/Debug/liblpc_chip_43xx.a(gpio_18xx_43xx.o)
 .comment       0x0000006e       0x6f /home/lautaro/embebidos/TP1_SSE/workspace-EDU_CIAA_NXP-TP1_POSTA/lpc_chip_43xx/Debug/liblpc_chip_43xx.a(sysinit_18xx_43xx.o)
 .comment       0x0000006e       0x6f /home/lautaro/embebidos/TP1_SSE/workspace-EDU_CIAA_NXP-TP1_POSTA/lpc_chip_43xx/Debug/liblpc_chip_43xx.a(uart_18xx_43xx.o)
 .comment       0x0000006e       0x6e /usr/local/lpcxpresso_8.2.0_647/lpcxpresso/tools/bin/../lib/gcc/arm-none-eabi/5.3.1/../../../../arm-none-eabi/lib/armv7e-m/softfp/libcr_nohost.a(_cr__main.o)
                                 0x6f (size before relaxing)
 .comment       0x000000dc       0x6f /usr/local/lpcxpresso_8.2.0_647/lpcxpresso/tools/bin/../lib/gcc/arm-none-eabi/5.3.1/../../../../arm-none-eabi/lib/armv7e-m/softfp/libcr_c.a(memset.o)
 .comment       0x000000dc       0x6f /usr/local/lpcxpresso_8.2.0_647/lpcxpresso/tools/bin/../lib/gcc/arm-none-eabi/5.3.1/../../../../arm-none-eabi/lib/armv7e-m/softfp/libcr_c.a(fpprintf.o)
 .comment       0x000000dc       0x6f /usr/local/lpcxpresso_8.2.0_647/lpcxpresso/tools/bin/../lib/gcc/arm-none-eabi/5.3.1/../../../../arm-none-eabi/lib/armv7e-m/softfp/libcr_c.a(initio.o)
 .comment       0x000000dc       0x6f /usr/local/lpcxpresso_8.2.0_647/lpcxpresso/tools/bin/../lib/gcc/arm-none-eabi/5.3.1/../../../../arm-none-eabi/lib/armv7e-m/softfp/libcr_c.a(printf.o)
 .comment       0x000000dc       0x6f /usr/local/lpcxpresso_8.2.0_647/lpcxpresso/tools/bin/../lib/gcc/arm-none-eabi/5.3.1/../../../../arm-none-eabi/lib/armv7e-m/softfp/libcr_c.a(setvbuf.o)
 .comment       0x000000dc       0x6f /usr/local/lpcxpresso_8.2.0_647/lpcxpresso/tools/bin/../lib/gcc/arm-none-eabi/5.3.1/../../../../arm-none-eabi/lib/armv7e-m/softfp/libcr_c.a(stdio.o)
 .comment       0x000000dc       0x6f /usr/local/lpcxpresso_8.2.0_647/lpcxpresso/tools/bin/../lib/gcc/arm-none-eabi/5.3.1/../../../../arm-none-eabi/lib/armv7e-m/softfp/libcr_c.a(strlen.o)
 .comment       0x000000dc       0x6f /usr/local/lpcxpresso_8.2.0_647/lpcxpresso/tools/bin/../lib/gcc/arm-none-eabi/5.3.1/../../../../arm-none-eabi/lib/armv7e-m/softfp/libcr_c.a(_deferredlazyseek.o)
 .comment       0x000000dc       0x6f /usr/local/lpcxpresso_8.2.0_647/lpcxpresso/tools/bin/../lib/gcc/arm-none-eabi/5.3.1/../../../../arm-none-eabi/lib/armv7e-m/softfp/libcr_c.a(_fdopen.o)
 .comment       0x000000dc       0x6f /usr/local/lpcxpresso_8.2.0_647/lpcxpresso/tools/bin/../lib/gcc/arm-none-eabi/5.3.1/../../../../arm-none-eabi/lib/armv7e-m/softfp/libcr_c.a(_fflush.o)
 .comment       0x000000dc       0x6f /usr/local/lpcxpresso_8.2.0_647/lpcxpresso/tools/bin/../lib/gcc/arm-none-eabi/5.3.1/../../../../arm-none-eabi/lib/armv7e-m/softfp/libcr_c.a(_frexpl.o)
 .comment       0x000000dc       0x6f /usr/local/lpcxpresso_8.2.0_647/lpcxpresso/tools/bin/../lib/gcc/arm-none-eabi/5.3.1/../../../../arm-none-eabi/lib/armv7e-m/softfp/libcr_c.a(_ldexpl.o)
 .comment       0x000000dc       0x6f /usr/local/lpcxpresso_8.2.0_647/lpcxpresso/tools/bin/../lib/gcc/arm-none-eabi/5.3.1/../../../../arm-none-eabi/lib/armv7e-m/softfp/libcr_c.a(_writebuf.o)
 .comment       0x000000dc       0x6f /usr/local/lpcxpresso_8.2.0_647/lpcxpresso/tools/bin/../lib/gcc/arm-none-eabi/5.3.1/../../../../arm-none-eabi/lib/armv7e-m/softfp/libcr_c.a(alloc.o)
 .comment       0x000000dc       0x6f /usr/local/lpcxpresso_8.2.0_647/lpcxpresso/tools/bin/../lib/gcc/arm-none-eabi/5.3.1/../../../../arm-none-eabi/lib/armv7e-m/softfp/libcr_c.a(errno.o)
 .comment       0x000000dc       0x6f /usr/local/lpcxpresso_8.2.0_647/lpcxpresso/tools/bin/../lib/gcc/arm-none-eabi/5.3.1/../../../../arm-none-eabi/lib/armv7e-m/softfp/libcr_c.a(fclose.o)
 .comment       0x000000dc       0x6f /usr/local/lpcxpresso_8.2.0_647/lpcxpresso/tools/bin/../lib/gcc/arm-none-eabi/5.3.1/../../../../arm-none-eabi/lib/armv7e-m/softfp/libcr_c.a(fflush.o)
 .comment       0x000000dc       0x6f /usr/local/lpcxpresso_8.2.0_647/lpcxpresso/tools/bin/../lib/gcc/arm-none-eabi/5.3.1/../../../../arm-none-eabi/lib/armv7e-m/softfp/libcr_c.a(fseek.o)
 .comment       0x000000dc       0x6f /usr/local/lpcxpresso_8.2.0_647/lpcxpresso/tools/bin/../lib/gcc/arm-none-eabi/5.3.1/../../../../arm-none-eabi/lib/armv7e-m/softfp/libcr_c.a(ftell.o)
 .comment       0x000000dc       0x6f /usr/local/lpcxpresso_8.2.0_647/lpcxpresso/tools/bin/../lib/gcc/arm-none-eabi/5.3.1/../../../../arm-none-eabi/lib/armv7e-m/softfp/libcr_c.a(remove.o)
 .comment       0x000000dc       0x6f /usr/local/lpcxpresso_8.2.0_647/lpcxpresso/tools/bin/../lib/gcc/arm-none-eabi/5.3.1/../../../../arm-none-eabi/lib/armv7e-m/softfp/libcr_c.a(__init_alloc.o)
 .comment       0x000000dc       0x6f /usr/local/lpcxpresso_8.2.0_647/lpcxpresso/tools/bin/../lib/gcc/arm-none-eabi/5.3.1/../../../../arm-none-eabi/lib/armv7e-m/softfp/libcr_c.a(_cr_sbrk.o)
 .comment       0x000000dc       0x6f /usr/local/lpcxpresso_8.2.0_647/lpcxpresso/tools/bin/../lib/gcc/arm-none-eabi/5.3.1/../../../../arm-none-eabi/lib/armv7e-m/softfp/libcr_c.a(_do_fflush.o)
 .comment       0x000000dc       0x6f /usr/local/lpcxpresso_8.2.0_647/lpcxpresso/tools/bin/../lib/gcc/arm-none-eabi/5.3.1/../../../../arm-none-eabi/lib/armv7e-m/softfp/libcr_c.a(_hugeval.o)
 .comment       0x000000dc       0x6f /usr/local/lpcxpresso_8.2.0_647/lpcxpresso/tools/bin/../lib/gcc/arm-none-eabi/5.3.1/../../../../arm-none-eabi/lib/armv7e-m/softfp/libcr_c.a(_cr_check_heap.o)
 .comment       0x000000dc       0x6f /usr/local/lpcxpresso_8.2.0_647/lpcxpresso/tools/bin/../lib/gcc/arm-none-eabi/5.3.1/armv7e-m/softfp/libcr_eabihelpers.a(double.o)
 .comment       0x000000dc       0x6f /usr/local/lpcxpresso_8.2.0_647/lpcxpresso/tools/bin/../lib/gcc/arm-none-eabi/5.3.1/../../../../arm-none-eabi/lib/armv7e-m/softfp/libcr_nohost.a(__sys_appexit.o)
 .comment       0x000000dc       0x6f /usr/local/lpcxpresso_8.2.0_647/lpcxpresso/tools/bin/../lib/gcc/arm-none-eabi/5.3.1/../../../../arm-none-eabi/lib/armv7e-m/softfp/libcr_nohost.a(__sys_close.o)
 .comment       0x000000dc       0x6f /usr/local/lpcxpresso_8.2.0_647/lpcxpresso/tools/bin/../lib/gcc/arm-none-eabi/5.3.1/../../../../arm-none-eabi/lib/armv7e-m/softfp/libcr_nohost.a(__sys_flen.o)
 .comment       0x000000dc       0x6f /usr/local/lpcxpresso_8.2.0_647/lpcxpresso/tools/bin/../lib/gcc/arm-none-eabi/5.3.1/../../../../arm-none-eabi/lib/armv7e-m/softfp/libcr_nohost.a(__sys_istty.o)
 .comment       0x000000dc       0x6f /usr/local/lpcxpresso_8.2.0_647/lpcxpresso/tools/bin/../lib/gcc/arm-none-eabi/5.3.1/../../../../arm-none-eabi/lib/armv7e-m/softfp/libcr_nohost.a(__sys_remove.o)
 .comment       0x000000dc       0x6f /usr/local/lpcxpresso_8.2.0_647/lpcxpresso/tools/bin/../lib/gcc/arm-none-eabi/5.3.1/../../../../arm-none-eabi/lib/armv7e-m/softfp/libcr_nohost.a(__sys_seek.o)
 .comment       0x000000dc       0x6f /usr/local/lpcxpresso_8.2.0_647/lpcxpresso/tools/bin/../lib/gcc/arm-none-eabi/5.3.1/../../../../arm-none-eabi/lib/armv7e-m/softfp/libcr_nohost.a(__sys_tmpnam.o)

.ARM.attributes
                0x00000000       0x35
 .ARM.attributes
                0x00000000       0x37 ./example/src/cr_startup_lpc43xx.o
 .ARM.attributes
                0x00000037       0x37 ./example/src/sysinit.o
 .ARM.attributes
                0x0000006e       0x37 ./example/src/systick.o
 .ARM.attributes
                0x000000a5       0x37 /home/lautaro/embebidos/TP1_SSE/workspace-EDU_CIAA_NXP-TP1_POSTA/lpc_board_nxp_lpcxpresso_4337/Debug/liblpc_board_nxp_lpcxpresso_4337.a(board.o)
 .ARM.attributes
                0x000000dc       0x37 /home/lautaro/embebidos/TP1_SSE/workspace-EDU_CIAA_NXP-TP1_POSTA/lpc_board_nxp_lpcxpresso_4337/Debug/liblpc_board_nxp_lpcxpresso_4337.a(board_sysinit.o)
 .ARM.attributes
                0x00000113       0x37 /home/lautaro/embebidos/TP1_SSE/workspace-EDU_CIAA_NXP-TP1_POSTA/lpc_chip_43xx/Debug/liblpc_chip_43xx.a(chip_18xx_43xx.o)
 .ARM.attributes
                0x0000014a       0x37 /home/lautaro/embebidos/TP1_SSE/workspace-EDU_CIAA_NXP-TP1_POSTA/lpc_chip_43xx/Debug/liblpc_chip_43xx.a(clock_18xx_43xx.o)
 .ARM.attributes
                0x00000181       0x37 /home/lautaro/embebidos/TP1_SSE/workspace-EDU_CIAA_NXP-TP1_POSTA/lpc_chip_43xx/Debug/liblpc_chip_43xx.a(fpu_init.o)
 .ARM.attributes
                0x000001b8       0x37 /home/lautaro/embebidos/TP1_SSE/workspace-EDU_CIAA_NXP-TP1_POSTA/lpc_chip_43xx/Debug/liblpc_chip_43xx.a(gpio_18xx_43xx.o)
 .ARM.attributes
                0x000001ef       0x37 /home/lautaro/embebidos/TP1_SSE/workspace-EDU_CIAA_NXP-TP1_POSTA/lpc_chip_43xx/Debug/liblpc_chip_43xx.a(sysinit_18xx_43xx.o)
 .ARM.attributes
                0x00000226       0x37 /home/lautaro/embebidos/TP1_SSE/workspace-EDU_CIAA_NXP-TP1_POSTA/lpc_chip_43xx/Debug/liblpc_chip_43xx.a(uart_18xx_43xx.o)
 .ARM.attributes
                0x0000025d       0x37 /usr/local/lpcxpresso_8.2.0_647/lpcxpresso/tools/bin/../lib/gcc/arm-none-eabi/5.3.1/../../../../arm-none-eabi/lib/armv7e-m/softfp/libcr_nohost.a(_cr__main.o)
 .ARM.attributes
                0x00000294       0x37 /usr/local/lpcxpresso_8.2.0_647/lpcxpresso/tools/bin/../lib/gcc/arm-none-eabi/5.3.1/../../../../arm-none-eabi/lib/armv7e-m/softfp/libcr_c.a(memset.o)
 .ARM.attributes
                0x000002cb       0x37 /usr/local/lpcxpresso_8.2.0_647/lpcxpresso/tools/bin/../lib/gcc/arm-none-eabi/5.3.1/../../../../arm-none-eabi/lib/armv7e-m/softfp/libcr_c.a(fpprintf.o)
 .ARM.attributes
                0x00000302       0x37 /usr/local/lpcxpresso_8.2.0_647/lpcxpresso/tools/bin/../lib/gcc/arm-none-eabi/5.3.1/../../../../arm-none-eabi/lib/armv7e-m/softfp/libcr_c.a(initio.o)
 .ARM.attributes
                0x00000339       0x37 /usr/local/lpcxpresso_8.2.0_647/lpcxpresso/tools/bin/../lib/gcc/arm-none-eabi/5.3.1/../../../../arm-none-eabi/lib/armv7e-m/softfp/libcr_c.a(printf.o)
 .ARM.attributes
                0x00000370       0x37 /usr/local/lpcxpresso_8.2.0_647/lpcxpresso/tools/bin/../lib/gcc/arm-none-eabi/5.3.1/../../../../arm-none-eabi/lib/armv7e-m/softfp/libcr_c.a(setvbuf.o)
 .ARM.attributes
                0x000003a7       0x37 /usr/local/lpcxpresso_8.2.0_647/lpcxpresso/tools/bin/../lib/gcc/arm-none-eabi/5.3.1/../../../../arm-none-eabi/lib/armv7e-m/softfp/libcr_c.a(stdio.o)
 .ARM.attributes
                0x000003de       0x37 /usr/local/lpcxpresso_8.2.0_647/lpcxpresso/tools/bin/../lib/gcc/arm-none-eabi/5.3.1/../../../../arm-none-eabi/lib/armv7e-m/softfp/libcr_c.a(strlen.o)
 .ARM.attributes
                0x00000415       0x37 /usr/local/lpcxpresso_8.2.0_647/lpcxpresso/tools/bin/../lib/gcc/arm-none-eabi/5.3.1/../../../../arm-none-eabi/lib/armv7e-m/softfp/libcr_c.a(_deferredlazyseek.o)
 .ARM.attributes
                0x0000044c       0x37 /usr/local/lpcxpresso_8.2.0_647/lpcxpresso/tools/bin/../lib/gcc/arm-none-eabi/5.3.1/../../../../arm-none-eabi/lib/armv7e-m/softfp/libcr_c.a(_fdopen.o)
 .ARM.attributes
                0x00000483       0x37 /usr/local/lpcxpresso_8.2.0_647/lpcxpresso/tools/bin/../lib/gcc/arm-none-eabi/5.3.1/../../../../arm-none-eabi/lib/armv7e-m/softfp/libcr_c.a(_fflush.o)
 .ARM.attributes
                0x000004ba       0x37 /usr/local/lpcxpresso_8.2.0_647/lpcxpresso/tools/bin/../lib/gcc/arm-none-eabi/5.3.1/../../../../arm-none-eabi/lib/armv7e-m/softfp/libcr_c.a(_frexpl.o)
 .ARM.attributes
                0x000004f1       0x37 /usr/local/lpcxpresso_8.2.0_647/lpcxpresso/tools/bin/../lib/gcc/arm-none-eabi/5.3.1/../../../../arm-none-eabi/lib/armv7e-m/softfp/libcr_c.a(_ldexpl.o)
 .ARM.attributes
                0x00000528       0x37 /usr/local/lpcxpresso_8.2.0_647/lpcxpresso/tools/bin/../lib/gcc/arm-none-eabi/5.3.1/../../../../arm-none-eabi/lib/armv7e-m/softfp/libcr_c.a(_writebuf.o)
 .ARM.attributes
                0x0000055f       0x37 /usr/local/lpcxpresso_8.2.0_647/lpcxpresso/tools/bin/../lib/gcc/arm-none-eabi/5.3.1/../../../../arm-none-eabi/lib/armv7e-m/softfp/libcr_c.a(alloc.o)
 .ARM.attributes
                0x00000596       0x37 /usr/local/lpcxpresso_8.2.0_647/lpcxpresso/tools/bin/../lib/gcc/arm-none-eabi/5.3.1/../../../../arm-none-eabi/lib/armv7e-m/softfp/libcr_c.a(errno.o)
 .ARM.attributes
                0x000005cd       0x37 /usr/local/lpcxpresso_8.2.0_647/lpcxpresso/tools/bin/../lib/gcc/arm-none-eabi/5.3.1/../../../../arm-none-eabi/lib/armv7e-m/softfp/libcr_c.a(fclose.o)
 .ARM.attributes
                0x00000604       0x37 /usr/local/lpcxpresso_8.2.0_647/lpcxpresso/tools/bin/../lib/gcc/arm-none-eabi/5.3.1/../../../../arm-none-eabi/lib/armv7e-m/softfp/libcr_c.a(fflush.o)
 .ARM.attributes
                0x0000063b       0x37 /usr/local/lpcxpresso_8.2.0_647/lpcxpresso/tools/bin/../lib/gcc/arm-none-eabi/5.3.1/../../../../arm-none-eabi/lib/armv7e-m/softfp/libcr_c.a(fseek.o)
 .ARM.attributes
                0x00000672       0x37 /usr/local/lpcxpresso_8.2.0_647/lpcxpresso/tools/bin/../lib/gcc/arm-none-eabi/5.3.1/../../../../arm-none-eabi/lib/armv7e-m/softfp/libcr_c.a(ftell.o)
 .ARM.attributes
                0x000006a9       0x37 /usr/local/lpcxpresso_8.2.0_647/lpcxpresso/tools/bin/../lib/gcc/arm-none-eabi/5.3.1/../../../../arm-none-eabi/lib/armv7e-m/softfp/libcr_c.a(remove.o)
 .ARM.attributes
                0x000006e0       0x37 /usr/local/lpcxpresso_8.2.0_647/lpcxpresso/tools/bin/../lib/gcc/arm-none-eabi/5.3.1/../../../../arm-none-eabi/lib/armv7e-m/softfp/libcr_c.a(__init_alloc.o)
 .ARM.attributes
                0x00000717       0x37 /usr/local/lpcxpresso_8.2.0_647/lpcxpresso/tools/bin/../lib/gcc/arm-none-eabi/5.3.1/../../../../arm-none-eabi/lib/armv7e-m/softfp/libcr_c.a(_cr_sbrk.o)
 .ARM.attributes
                0x0000074e       0x37 /usr/local/lpcxpresso_8.2.0_647/lpcxpresso/tools/bin/../lib/gcc/arm-none-eabi/5.3.1/../../../../arm-none-eabi/lib/armv7e-m/softfp/libcr_c.a(_do_fflush.o)
 .ARM.attributes
                0x00000785       0x37 /usr/local/lpcxpresso_8.2.0_647/lpcxpresso/tools/bin/../lib/gcc/arm-none-eabi/5.3.1/../../../../arm-none-eabi/lib/armv7e-m/softfp/libcr_c.a(_hugeval.o)
 .ARM.attributes
                0x000007bc       0x37 /usr/local/lpcxpresso_8.2.0_647/lpcxpresso/tools/bin/../lib/gcc/arm-none-eabi/5.3.1/../../../../arm-none-eabi/lib/armv7e-m/softfp/libcr_c.a(_cr_check_heap.o)
 .ARM.attributes
                0x000007f3       0x25 /usr/local/lpcxpresso_8.2.0_647/lpcxpresso/tools/bin/../lib/gcc/arm-none-eabi/5.3.1/armv7e-m/softfp/libcr_eabihelpers.a(division_64.o)
 .ARM.attributes
                0x00000818       0x25 /usr/local/lpcxpresso_8.2.0_647/lpcxpresso/tools/bin/../lib/gcc/arm-none-eabi/5.3.1/armv7e-m/softfp/libcr_eabihelpers.a(division_idiv0.o)
 .ARM.attributes
                0x0000083d       0x37 /usr/local/lpcxpresso_8.2.0_647/lpcxpresso/tools/bin/../lib/gcc/arm-none-eabi/5.3.1/armv7e-m/softfp/libcr_eabihelpers.a(double.o)
 .ARM.attributes
                0x00000874       0x25 /usr/local/lpcxpresso_8.2.0_647/lpcxpresso/tools/bin/../lib/gcc/arm-none-eabi/5.3.1/armv7e-m/softfp/libcr_eabihelpers.a(memcpy.o)
 .ARM.attributes
                0x00000899       0x37 /usr/local/lpcxpresso_8.2.0_647/lpcxpresso/tools/bin/../lib/gcc/arm-none-eabi/5.3.1/../../../../arm-none-eabi/lib/armv7e-m/softfp/libcr_nohost.a(__sys_appexit.o)
 .ARM.attributes
                0x000008d0       0x37 /usr/local/lpcxpresso_8.2.0_647/lpcxpresso/tools/bin/../lib/gcc/arm-none-eabi/5.3.1/../../../../arm-none-eabi/lib/armv7e-m/softfp/libcr_nohost.a(__sys_close.o)
 .ARM.attributes
                0x00000907       0x37 /usr/local/lpcxpresso_8.2.0_647/lpcxpresso/tools/bin/../lib/gcc/arm-none-eabi/5.3.1/../../../../arm-none-eabi/lib/armv7e-m/softfp/libcr_nohost.a(__sys_flen.o)
 .ARM.attributes
                0x0000093e       0x37 /usr/local/lpcxpresso_8.2.0_647/lpcxpresso/tools/bin/../lib/gcc/arm-none-eabi/5.3.1/../../../../arm-none-eabi/lib/armv7e-m/softfp/libcr_nohost.a(__sys_istty.o)
 .ARM.attributes
                0x00000975       0x37 /usr/local/lpcxpresso_8.2.0_647/lpcxpresso/tools/bin/../lib/gcc/arm-none-eabi/5.3.1/../../../../arm-none-eabi/lib/armv7e-m/softfp/libcr_nohost.a(__sys_remove.o)
 .ARM.attributes
                0x000009ac       0x37 /usr/local/lpcxpresso_8.2.0_647/lpcxpresso/tools/bin/../lib/gcc/arm-none-eabi/5.3.1/../../../../arm-none-eabi/lib/armv7e-m/softfp/libcr_nohost.a(__sys_seek.o)
 .ARM.attributes
                0x000009e3       0x37 /usr/local/lpcxpresso_8.2.0_647/lpcxpresso/tools/bin/../lib/gcc/arm-none-eabi/5.3.1/../../../../arm-none-eabi/lib/armv7e-m/softfp/libcr_nohost.a(__sys_tmpnam.o)

.debug_frame    0x00000000     0x1774
 .debug_frame   0x00000000      0x170 ./example/src/cr_startup_lpc43xx.o
 .debug_frame   0x00000170       0x34 ./example/src/sysinit.o
 .debug_frame   0x000001a4      0x108 ./example/src/systick.o
 .debug_frame   0x000002ac      0x634 /home/lautaro/embebidos/TP1_SSE/workspace-EDU_CIAA_NXP-TP1_POSTA/lpc_board_nxp_lpcxpresso_4337/Debug/liblpc_board_nxp_lpcxpresso_4337.a(board.o)
 .debug_frame   0x000008e0       0xe4 /home/lautaro/embebidos/TP1_SSE/workspace-EDU_CIAA_NXP-TP1_POSTA/lpc_board_nxp_lpcxpresso_4337/Debug/liblpc_board_nxp_lpcxpresso_4337.a(board_sysinit.o)
 .debug_frame   0x000009c4       0xa0 /home/lautaro/embebidos/TP1_SSE/workspace-EDU_CIAA_NXP-TP1_POSTA/lpc_chip_43xx/Debug/liblpc_chip_43xx.a(chip_18xx_43xx.o)
 .debug_frame   0x00000a64      0x568 /home/lautaro/embebidos/TP1_SSE/workspace-EDU_CIAA_NXP-TP1_POSTA/lpc_chip_43xx/Debug/liblpc_chip_43xx.a(clock_18xx_43xx.o)
 .debug_frame   0x00000fcc       0x38 /home/lautaro/embebidos/TP1_SSE/workspace-EDU_CIAA_NXP-TP1_POSTA/lpc_chip_43xx/Debug/liblpc_chip_43xx.a(fpu_init.o)
 .debug_frame   0x00001004      0x198 /home/lautaro/embebidos/TP1_SSE/workspace-EDU_CIAA_NXP-TP1_POSTA/lpc_chip_43xx/Debug/liblpc_chip_43xx.a(gpio_18xx_43xx.o)
 .debug_frame   0x0000119c       0xf4 /home/lautaro/embebidos/TP1_SSE/workspace-EDU_CIAA_NXP-TP1_POSTA/lpc_chip_43xx/Debug/liblpc_chip_43xx.a(sysinit_18xx_43xx.o)
 .debug_frame   0x00001290      0x4e4 /home/lautaro/embebidos/TP1_SSE/workspace-EDU_CIAA_NXP-TP1_POSTA/lpc_chip_43xx/Debug/liblpc_chip_43xx.a(uart_18xx_43xx.o)
